[    0.000000] Linux version 4.15.0-213-generic (buildd@lcy02-amd64-079) (gcc version 7.5.0 (Ubuntu 7.5.0-3ubuntu1~18.04)) #224-Ubuntu SMP Mon Jun 19 13:30:12 UTC 2023 (Ubuntu 4.15.0-213.224-generic 4.15.18)
[    0.000000] Command line: BOOT_IMAGE=/boot/vmlinuz-4.15.0-213-generic root=UUID=f685bb41-0e3b-40c4-89c1-eea0f0583525 ro console=tty1 console=ttyS0
[    0.000000] KERNEL supported cpus:
[    0.000000]   Intel GenuineIntel
[    0.000000]   AMD AuthenticAMD
[    0.000000]   Centaur CentaurHauls
[    0.000000] x86/fpu: Supporting XSAVE feature 0x001: 'x87 floating point registers'
[    0.000000] x86/fpu: Supporting XSAVE feature 0x002: 'SSE registers'
[    0.000000] x86/fpu: Supporting XSAVE feature 0x004: 'AVX registers'
[    0.000000] x86/fpu: xstate_offset[2]:  576, xstate_sizes[2]:  256
[    0.000000] x86/fpu: Enabled xstate features 0x7, context size is 832 bytes, using 'standard' format.
[    0.000000] e820: BIOS-provided physical RAM map:
[    0.000000] BIOS-e820: [mem 0x0000000000000000-0x000000000009fbff] usable
[    0.000000] BIOS-e820: [mem 0x000000000009fc00-0x000000000009ffff] reserved
[    0.000000] BIOS-e820: [mem 0x00000000000f0000-0x00000000000fffff] reserved
[    0.000000] BIOS-e820: [mem 0x0000000000100000-0x000000003ffeffff] usable
[    0.000000] BIOS-e820: [mem 0x000000003fff0000-0x000000003fffffff] ACPI data
[    0.000000] BIOS-e820: [mem 0x00000000fec00000-0x00000000fec00fff] reserved
[    0.000000] BIOS-e820: [mem 0x00000000fee00000-0x00000000fee00fff] reserved
[    0.000000] BIOS-e820: [mem 0x00000000fffc0000-0x00000000ffffffff] reserved
[    0.000000] NX (Execute Disable) protection: active
[    0.000000] SMBIOS 2.5 present.
[    0.000000] DMI: innotek GmbH VirtualBox/VirtualBox, BIOS VirtualBox 12/01/2006
[    0.000000] Hypervisor detected: KVM
[    0.000000] e820: last_pfn = 0x3fff0 max_arch_pfn = 0x400000000
[    0.000000] MTRR: Disabled
[    0.000000] x86/PAT: MTRRs disabled, skipping PAT initialization too.
[    0.000000] CPU MTRRs all blank - virtualized system.
[    0.000000] x86/PAT: Configuration [0-7]: WB  WT  UC- UC  WB  WT  UC- UC  
[    0.000000] found SMP MP-table at [mem 0x0009fff0-0x0009ffff]
[    0.000000] Scanning 1 areas for low memory corruption
[    0.000000] RAMDISK: [mem 0x35819000-0x36c03fff]
[    0.000000] ACPI: Early table checksum verification disabled
[    0.000000] ACPI: RSDP 0x00000000000E0000 000024 (v02 VBOX  )
[    0.000000] ACPI: XSDT 0x000000003FFF0030 00003C (v01 VBOX   VBOXXSDT 00000001 ASL  00000061)
[    0.000000] ACPI: FACP 0x000000003FFF00F0 0000F4 (v04 VBOX   VBOXFACP 00000001 ASL  00000061)
[    0.000000] ACPI: DSDT 0x000000003FFF0610 002353 (v02 VBOX   VBOXBIOS 00000002 INTL 20200528)
[    0.000000] ACPI: FACS 0x000000003FFF0200 000040
[    0.000000] ACPI: FACS 0x000000003FFF0200 000040
[    0.000000] ACPI: APIC 0x000000003FFF0240 00005C (v02 VBOX   VBOXAPIC 00000001 ASL  00000061)
[    0.000000] ACPI: SSDT 0x000000003FFF02A0 00036C (v01 VBOX   VBOXCPUT 00000002 INTL 20200528)
[    0.000000] ACPI: Reserving FACP table memory at [mem 0x3fff00f0-0x3fff01e3]
[    0.000000] ACPI: Reserving DSDT table memory at [mem 0x3fff0610-0x3fff2962]
[    0.000000] ACPI: Reserving FACS table memory at [mem 0x3fff0200-0x3fff023f]
[    0.000000] ACPI: Reserving FACS table memory at [mem 0x3fff0200-0x3fff023f]
[    0.000000] ACPI: Reserving APIC table memory at [mem 0x3fff0240-0x3fff029b]
[    0.000000] ACPI: Reserving SSDT table memory at [mem 0x3fff02a0-0x3fff060b]
[    0.000000] No NUMA configuration found
[    0.000000] Faking a node at [mem 0x0000000000000000-0x000000003ffeffff]
[    0.000000] NODE_DATA(0) allocated [mem 0x3ffc5000-0x3ffeffff]
[    0.000000] kvm-clock: cpu 0, msr 0:3ff44001, primary cpu clock
[    0.000000] kvm-clock: Using msrs 4b564d01 and 4b564d00
[    0.000000] kvm-clock: using sched offset of 6309068479 cycles
[    0.000000] clocksource: kvm-clock: mask: 0xffffffffffffffff max_cycles: 0x1cd42e4dffb, max_idle_ns: 881590591483 ns
[    0.000000] Zone ranges:
[    0.000000]   DMA      [mem 0x0000000000001000-0x0000000000ffffff]
[    0.000000]   DMA32    [mem 0x0000000001000000-0x000000003ffeffff]
[    0.000000]   Normal   empty
[    0.000000]   Device   empty
[    0.000000] Movable zone start for each node
[    0.000000] Early memory node ranges
[    0.000000]   node   0: [mem 0x0000000000001000-0x000000000009efff]
[    0.000000]   node   0: [mem 0x0000000000100000-0x000000003ffeffff]
[    0.000000] Reserved but unavailable: 104 pages
[    0.000000] Initmem setup node 0 [mem 0x0000000000001000-0x000000003ffeffff]
[    0.000000] ACPI: PM-Timer IO Port: 0x4008
[    0.000000] IOAPIC[0]: apic_id 2, version 32, address 0xfec00000, GSI 0-23
[    0.000000] ACPI: INT_SRC_OVR (bus 0 bus_irq 0 global_irq 2 dfl dfl)
[    0.000000] ACPI: INT_SRC_OVR (bus 0 bus_irq 9 global_irq 9 low level)
[    0.000000] Using ACPI (MADT) for SMP configuration information
[    0.000000] smpboot: Allowing 2 CPUs, 0 hotplug CPUs
[    0.000000] PM: Registered nosave memory: [mem 0x00000000-0x00000fff]
[    0.000000] PM: Registered nosave memory: [mem 0x0009f000-0x0009ffff]
[    0.000000] PM: Registered nosave memory: [mem 0x000a0000-0x000effff]
[    0.000000] PM: Registered nosave memory: [mem 0x000f0000-0x000fffff]
[    0.000000] e820: [mem 0x40000000-0xfebfffff] available for PCI devices
[    0.000000] Booting paravirtualized kernel on KVM
[    0.000000] clocksource: refined-jiffies: mask: 0xffffffff max_cycles: 0xffffffff, max_idle_ns: 7645519600211568 ns
[    0.000000] setup_percpu: NR_CPUS:8192 nr_cpumask_bits:2 nr_cpu_ids:2 nr_node_ids:1
[    0.000000] percpu: Embedded 50 pages/cpu s167936 r8192 d28672 u1048576
[    0.000000] PV qspinlock hash table entries: 256 (order: 0, 4096 bytes)
[    0.000000] Built 1 zonelists, mobility grouping on.  Total pages: 257913
[    0.000000] Policy zone: DMA32
[    0.000000] Kernel command line: BOOT_IMAGE=/boot/vmlinuz-4.15.0-213-generic root=UUID=f685bb41-0e3b-40c4-89c1-eea0f0583525 ro console=tty1 console=ttyS0
[    0.000000] Memory: 981776K/1048120K available (12300K kernel code, 2477K rwdata, 4324K rodata, 2480K init, 2720K bss, 66344K reserved, 0K cma-reserved)
[    0.000000] SLUB: HWalign=64, Order=0-3, MinObjects=0, CPUs=2, Nodes=1
[    0.000000] Kernel/User page tables isolation: enabled
[    0.000000] ftrace: allocating 39508 entries in 155 pages
[    0.004000] Hierarchical RCU implementation.
[    0.004000] 	RCU restricting CPUs from NR_CPUS=8192 to nr_cpu_ids=2.
[    0.004000] 	Tasks RCU enabled.
[    0.004000] RCU: Adjusting geometry for rcu_fanout_leaf=16, nr_cpu_ids=2
[    0.004000] NR_IRQS: 524544, nr_irqs: 440, preallocated irqs: 16
[    0.004000] random: crng init done
[    0.004000] Console: colour VGA+ 80x25
[    0.004000] console [tty1] enabled
[    0.004000] console [ttyS0] enabled
[    0.004000] ACPI: Core revision 20170831
[    0.004000] ACPI: 2 ACPI AML tables successfully acquired and loaded
[    0.004000] APIC: Switch to symmetric I/O mode setup
[    0.010293] x2apic enabled
[    0.012041] Switched APIC routing to physical x2apic.
[    0.020000] ..TIMER: vector=0x30 apic1=0 pin1=2 apic2=-1 pin2=-1
[    0.020011] tsc: Detected 2311.454 MHz processor
[    0.024018] Calibrating delay loop (skipped) preset value.. 4622.90 BogoMIPS (lpj=9245816)
[    0.028009] pid_max: default: 32768 minimum: 301
[    0.032091] Security Framework initialized
[    0.036011] Yama: becoming mindful.
[    0.040098] AppArmor: AppArmor initialized
[    0.046504] Dentry cache hash table entries: 131072 (order: 8, 1048576 bytes)
[    0.052751] Inode-cache hash table entries: 65536 (order: 7, 524288 bytes)
[    0.056092] Mount-cache hash table entries: 2048 (order: 2, 16384 bytes)
[    0.060363] Mountpoint-cache hash table entries: 2048 (order: 2, 16384 bytes)
[    0.070248] Last level iTLB entries: 4KB 1024, 2MB 1024, 4MB 1024
[    0.072011] Last level dTLB entries: 4KB 1024, 2MB 1024, 4MB 1024, 1GB 4
[    0.076011] Spectre V1 : Mitigation: usercopy/swapgs barriers and __user pointer sanitization
[    0.080011] Spectre V2 : Mitigation: Retpolines
[    0.084006] Spectre V2 : Spectre v2 / SpectreRSB mitigation: Filling RSB on context switch
[    0.088009] Spectre V2 : Spectre v2 / SpectreRSB : Filling RSB on VMEXIT
[    0.092010] Speculative Store Bypass: Vulnerable
[    0.096159] MDS: Mitigation: Clear CPU buffers
[    0.100005] MMIO Stale Data: Unknown: No mitigations
[    0.104004] SRBDS: Unknown: Dependent on hypervisor status
[    0.108190] Freeing SMP alternatives memory: 36K
[    0.226855] smpboot: CPU0: Intel(R) Core(TM) i7-4650U CPU @ 1.70GHz (family: 0x6, model: 0x45, stepping: 0x1)
[    0.228296] Performance Events: unsupported p6 CPU model 69 no PMU driver, software events only.
[    0.232105] Hierarchical SRCU implementation.
[    0.240502] NMI watchdog: Perf event create on CPU 0 failed with -2
[    0.244003] NMI watchdog: Perf NMI watchdog permanently disabled
[    0.248060] smp: Bringing up secondary CPUs ...
[    0.252113] x86: Booting SMP configuration:
[    0.256004] .... node  #0, CPUs:      #1
[    0.004000] kvm-clock: cpu 1, msr 0:3ff44041, secondary cpu clock
[    0.260144] smp: Brought up 1 node, 2 CPUs
[    0.264007] smpboot: Max logical packages: 1
[    0.268005] smpboot: Total of 2 processors activated (9245.81 BogoMIPS)
[    0.272242] devtmpfs: initialized
[    0.276061] x86/mm: Memory block size: 128MB
[    0.280184] evm: security.selinux
[    0.282867] evm: security.SMACK64
[    0.284006] evm: security.SMACK64EXEC
[    0.288003] evm: security.SMACK64TRANSMUTE
[    0.292003] evm: security.SMACK64MMAP
[    0.294866] evm: security.apparmor
[    0.296006] evm: security.ima
[    0.300006] evm: security.capability
[    0.304237] clocksource: jiffies: mask: 0xffffffff max_cycles: 0xffffffff, max_idle_ns: 7645041785100000 ns
[    0.308074] futex hash table entries: 512 (order: 3, 32768 bytes)
[    0.316062] pinctrl core: initialized pinctrl subsystem
[    0.320577] RTC time:  0:59:13, date: 04/01/24
[    0.324707] NET: Registered protocol family 16
[    0.328131] audit: initializing netlink subsys (disabled)
[    0.336037] audit: type=2000 audit(1711933160.859:1): state=initialized audit_enabled=0 res=1
[    0.340016] cpuidle: using governor ladder
[    0.343481] cpuidle: using governor menu
[    0.344087] ACPI: bus type PCI registered
[    0.348009] acpiphp: ACPI Hot Plug PCI Controller Driver version: 0.5
[    0.352463] PCI: Using configuration type 1 for base access
[    0.360148] HugeTLB registered 2.00 MiB page size, pre-allocated 0 pages
[    0.364256] ACPI: Added _OSI(Module Device)
[    0.368043] ACPI: Added _OSI(Processor Device)
[    0.372020] ACPI: Added _OSI(3.0 _SCP Extensions)
[    0.376004] ACPI: Added _OSI(Processor Aggregator Device)
[    0.380011] ACPI: Added _OSI(Linux-Dell-Video)
[    0.384006] ACPI: Added _OSI(Linux-Lenovo-NV-HDMI-Audio)
[    0.388000] ACPI: Added _OSI(Linux-HPI-Hybrid-Graphics)
[    0.388752] ACPI: Executed 1 blocks of module-level executable AML code
[    0.398106] ACPI: Interpreter enabled
[    0.400019] ACPI: (supports S0 S5)
[    0.402665] ACPI: Using IOAPIC for interrupt routing
[    0.404876] PCI: Using host bridge windows from ACPI; if necessary, use "pci=nocrs" and report a bug
[    0.408313] ACPI: Enabled 2 GPEs in block 00 to 07
[    0.432728] ACPI: PCI Root Bridge [PCI0] (domain 0000 [bus 00-ff])
[    0.436012] acpi PNP0A03:00: _OSC: OS supports [ASPM ClockPM Segments MSI]
[    0.441441] acpi PNP0A03:00: _OSC: not requesting OS control; OS requires [ExtendedConfig ASPM ClockPM MSI]
[    0.444030] acpi PNP0A03:00: fail to add MMCONFIG information, can't access extended PCI configuration space under this bridge.
[    0.449146] PCI host bridge to bus 0000:00
[    0.452008] pci_bus 0000:00: root bus resource [io  0x0000-0x0cf7 window]
[    0.456007] pci_bus 0000:00: root bus resource [io  0x0d00-0xffff window]
[    0.460008] pci_bus 0000:00: root bus resource [mem 0x000a0000-0x000bffff window]
[    0.464008] pci_bus 0000:00: root bus resource [mem 0x40000000-0xfdffffff window]
[    0.468011] pci_bus 0000:00: root bus resource [bus 00-ff]
[    0.480000] pci 0000:00:01.1: legacy IDE quirk: reg 0x10: [io  0x01f0-0x01f7]
[    0.480013] pci 0000:00:01.1: legacy IDE quirk: reg 0x14: [io  0x03f6]
[    0.484020] pci 0000:00:01.1: legacy IDE quirk: reg 0x18: [io  0x0170-0x0177]
[    0.488020] pci 0000:00:01.1: legacy IDE quirk: reg 0x1c: [io  0x0376]
[    0.573592] pci 0000:00:07.0: quirk: [io  0x4000-0x403f] claimed by PIIX4 ACPI
[    0.576080] pci 0000:00:07.0: quirk: [io  0x4100-0x410f] claimed by PIIX4 SMB
[    0.596000] ACPI: PCI Interrupt Link [LNKA] (IRQs 5 9 10 *11)
[    0.596731] ACPI: PCI Interrupt Link [LNKB] (IRQs 5 9 *10 11)
[    0.600341] ACPI: PCI Interrupt Link [LNKC] (IRQs 5 *9 10 11)
[    0.604274] ACPI: PCI Interrupt Link [LNKD] (IRQs 5 9 10 *11)
[    0.608705] SCSI subsystem initialized
[    0.616342] pci 0000:00:02.0: vgaarb: setting as boot VGA device
[    0.620000] pci 0000:00:02.0: vgaarb: VGA device added: decodes=io+mem,owns=io+mem,locks=none
[    0.620015] pci 0000:00:02.0: vgaarb: bridge control possible
[    0.624006] vgaarb: loaded
[    0.627778] ACPI: bus type USB registered
[    0.628039] usbcore: registered new interface driver usbfs
[    0.632060] usbcore: registered new interface driver hub
[    0.636036] usbcore: registered new device driver usb
[    0.640247] EDAC MC: Ver: 3.0.0
[    0.648949] PCI: Using ACPI for IRQ routing
[    0.653427] NetLabel: Initializing
[    0.656011] NetLabel:  domain hash size = 128
[    0.660007] NetLabel:  protocols = UNLABELED CIPSOv4 CALIPSO
[    0.664064] NetLabel:  unlabeled traffic allowed by default
[    0.672341] clocksource: Switched to clocksource kvm-clock
[    0.739489] VFS: Disk quotas dquot_6.6.0
[    0.746190] VFS: Dquot-cache hash table entries: 512 (order 0, 4096 bytes)
[    0.773847] AppArmor: AppArmor Filesystem Enabled
[    0.781955] pnp: PnP ACPI init
[    0.793678] pnp: PnP ACPI: found 3 devices
[    0.839520] clocksource: acpi_pm: mask: 0xffffff max_cycles: 0xffffff, max_idle_ns: 2085701024 ns
[    0.849982] NET: Registered protocol family 2
[    0.856798] IP idents hash table entries: 16384 (order: 5, 131072 bytes)
[    0.867534] TCP established hash table entries: 8192 (order: 4, 65536 bytes)
[    0.879398] TCP bind hash table entries: 8192 (order: 5, 131072 bytes)
[    0.889809] TCP: Hash tables configured (established 8192 bind 8192)
[    0.908189] UDP hash table entries: 512 (order: 2, 16384 bytes)
[    0.917540] UDP-Lite hash table entries: 512 (order: 2, 16384 bytes)
[    0.927215] NET: Registered protocol family 1
[    0.933096] pci 0000:00:00.0: Limiting direct PCI/PCI transfers
[    0.942761] pci 0000:00:01.0: Activating ISA DMA hang workarounds
[    0.952502] pci 0000:00:02.0: Video device with shadowed ROM at [mem 0x000c0000-0x000dffff]
[    0.972138] Unpacking initramfs...
[    1.912284] Freeing initrd memory: 20396K
[    1.918938] clocksource: tsc: mask: 0xffffffffffffffff max_cycles: 0x2151797769a, max_idle_ns: 440795257452 ns
[    1.934486] platform rtc_cmos: registered platform RTC device (no PNP device found)
[    1.943572] Scanning for low memory corruption every 60 seconds
[    1.953960] Initialise system trusted keyrings
[    1.960697] Key type blacklist registered
[    1.965792] workingset: timestamp_bits=36 max_order=18 bucket_order=0
[    1.979076] zbud: loaded
[    1.983985] squashfs: version 4.0 (2009/01/31) Phillip Lougher
[    1.992469] fuse init (API version 7.26)
[    2.037313] Key type asymmetric registered
[    2.042514] Asymmetric key parser 'x509' registered
[    2.046484] Block layer SCSI generic (bsg) driver version 0.4 loaded (major 246)
[    2.058055] io scheduler noop registered
[    2.063404] io scheduler deadline registered
[    2.068925] io scheduler cfq registered (default)
[    2.076106] ACPI: AC Adapter [AC] (on-line)
[    2.084236] input: Power Button as /devices/LNXSYSTM:00/LNXPWRBN:00/input/input0
[    2.094529] ACPI: Power Button [PWRF]
[    2.099422] input: Sleep Button as /devices/LNXSYSTM:00/LNXSLPBN:00/input/input1
[    2.107455] ACPI: Sleep Button [SLPF]
[    2.113232] Serial: 8250/16550 driver, 32 ports, IRQ sharing enabled
[    2.117089] ACPI: Battery Slot [BAT0] (battery present)
[    2.155925] 00:02: ttyS0 at I/O 0x3f8 (irq = 4, base_baud = 115200) is a 16550A
[    2.167290] Linux agpgart interface v0.103
[    2.181330] loop: module loaded
[    2.192222] scsi host0: ata_piix
[    2.198223] scsi host1: ata_piix
[    2.203964] ata1: PATA max UDMA/33 cmd 0x1f0 ctl 0x3f6 bmdma 0xd000 irq 14
[    2.213658] ata2: PATA max UDMA/33 cmd 0x170 ctl 0x376 bmdma 0xd008 irq 15
[    2.223957] tun: Universal TUN/TAP device driver, 1.6
[    2.230551] PPP generic driver version 2.4.2
[    2.235409] ehci_hcd: USB 2.0 'Enhanced' Host Controller (EHCI) Driver
[    2.242468] ehci-pci: EHCI PCI platform driver
[    2.248169] ehci-platform: EHCI generic platform driver
[    2.260384] ohci_hcd: USB 1.1 'Open' Host Controller (OHCI) Driver
[    2.269086] ohci-pci: OHCI PCI platform driver
[    2.273045] ohci-platform: OHCI generic platform driver
[    2.281672] uhci_hcd: USB Universal Host Controller Interface driver
[    2.285572] i8042: PNP: PS/2 Controller [PNP0303:PS2K,PNP0f03:PS2M] at 0x60,0x64 irq 1,12
[    2.313079] serio: i8042 KBD port at 0x60,0x64 irq 1
[    2.321250] serio: i8042 AUX port at 0x60,0x64 irq 12
[    2.325095] mousedev: PS/2 mouse device common for all mice
[    2.336137] input: AT Translated Set 2 keyboard as /devices/platform/i8042/serio0/input/input2
[    2.370196] rtc_cmos rtc_cmos: rtc core: registered rtc_cmos as rtc0
[    2.381595] rtc_cmos rtc_cmos: alarms up to one day, 114 bytes nvram
[    2.421139] i2c /dev entries driver
[    2.427856] device-mapper: uevent: version 1.0.3
[    2.439503] device-mapper: ioctl: 4.37.0-ioctl (2017-09-20) initialised: dm-devel@redhat.com
[    2.493104] ledtrig-cpu: registered to indicate activity on CPUs
[    2.513473] NET: Registered protocol family 10
[    2.536557] Segment Routing with IPv6
[    2.540515] NET: Registered protocol family 17
[    2.548187] Key type dns_resolver registered
[    2.555429] mce: Using 0 MCE banks
[    2.561286] RAS: Correctable Errors collector initialized.
[    2.565195] sched_clock: Marking stable (2561195349, 0)->(3852790908, -1291595559)
[    2.585993] registered taskstats version 1
[    2.591924] Loading compiled-in X.509 certificates
[    2.607545] Loaded X.509 cert 'Build time autogenerated kernel key: cdc7189136aaa35407544516090e2034d9c28e14'
[    2.622110] Loaded X.509 cert 'Canonical Ltd. Live Patch Signing: 14df34d1a87cf37625abec039ef2bf521249b969'
[    2.636955] Loaded X.509 cert 'Canonical Ltd. Kernel Module Signing: 88f752e560a1e0737e31163a466ad7b70a850c19'
[    2.662160] blacklist: Loading compiled-in revocation X.509 certificates
[    2.677242] Loaded X.509 cert 'Canonical Ltd. Secure Boot Signing: 61482aa2830d0ab2ad5af10b7250da9033ddcef0'
[    2.692153] Loaded X.509 cert 'Canonical Ltd. Secure Boot Signing (2017): 242ade75ac4a15e50d50c84b0d45ff3eae707a03'
[    2.702379] Loaded X.509 cert 'Canonical Ltd. Secure Boot Signing (ESM 2018): 365188c1d374d6b07c3c8f240f8ef722433d6a8b'
[    2.714048] Loaded X.509 cert 'Canonical Ltd. Secure Boot Signing (2019): c0746fd6c5da3ae827864651ad66ae47fe24b3e8'
[    2.730541] Loaded X.509 cert 'Canonical Ltd. Secure Boot Signing (2021 v1): a8d54bbb3825cfb94fa13c9f8a594a195c107b8d'
[    2.745151] Loaded X.509 cert 'Canonical Ltd. Secure Boot Signing (2021 v2): 4cf046892d6fd3c9a5b03f98d845f90851dc6a8c'
[    2.764502] Loaded X.509 cert 'Canonical Ltd. Secure Boot Signing (2021 v3): 100437bb6de6e469b581e61cd66bce3ef4ed53af'
[    2.813555] Loaded X.509 cert 'Canonical Ltd. Secure Boot Signing (Ubuntu Core 2019): c1d57b8f6b743f23ee41f4f7ee292f06eecadfb9'
[    2.835944] zswap: loaded using pool lzo/zbud
[    2.866244] Key type big_key registered
[    2.877862] Key type trusted registered
[    2.904411] Key type encrypted registered
[    2.931103] AppArmor: AppArmor sha1 policy hashing enabled
[    2.972176] ima: No TPM chip found, activating TPM-bypass! (rc=-19)
[    2.983836] ima: Allocated hash algorithm: sha1
[    2.995367] evm: HMAC attrs: 0x1
[    3.005225]   Magic number: 4:500:960
[    3.024678] rtc_cmos rtc_cmos: setting system clock to 2024-04-01 00:59:16 UTC (1711933156)
[    3.041190] BIOS EDD facility v0.16 2004-Jun-25, 0 devices found
[    3.056667] EDD information not available.
[    3.076596] Freeing unused kernel image memory: 2480K
[    3.101131] Write protecting the kernel read-only data: 20480k
[    3.125030] Freeing unused kernel image memory: 2008K
[    3.138179] Freeing unused kernel image memory: 1820K
[    3.191424] x86/mm: Checked W+X mappings: passed, no W+X pages found.
[    3.202923] x86/mm: Checking user space page tables
[    3.227993] x86/mm: Checked W+X mappings: passed, no W+X pages found.
Loading, please wait...
starting version 237
[    3.463486] e1000: Intel(R) PRO/1000 Network Driver - version 7.3.21-k8-NAPI
[    3.471621] e1000: Copyright (c) 1999-2006 Intel Corporation.
[    3.486462] Fusion MPT base driver 3.04.20
[    3.514191] Copyright (c) 1999-2008 LSI Corporation
[    3.533159] Fusion MPT SPI Host driver 3.04.20
[    3.690905] AVX2 version of gcm_enc/dec engaged.
[    3.717613] AES CTR mode by8 optimization enabled
[    3.832027] input: ImExPS/2 Generic Explorer Mouse as /devices/platform/i8042/serio1/input/input4
[    4.414238] e1000 0000:00:03.0 eth0: (PCI:33MHz:32-bit) 02:3b:7b:b7:3b:2d
[    4.423397] e1000 0000:00:03.0 eth0: Intel(R) PRO/1000 Network Connection
[    4.433771] e1000 0000:00:03.0 enp0s3: renamed from eth0
[    4.433906] mptbase: ioc0: Initiating bringup
[    4.554681] ioc0: LSI53C1030 A0: Capabilities={Initiator}
[    4.830725] scsi host2: ioc0: LSI53C1030 A0, FwRev=00000000h, Ports=1, MaxQ=256, IRQ=20
[    5.008909] scsi 2:0:0:0: Direct-Access     VBOX     HARDDISK         1.0  PQ: 0 ANSI: 5
[    5.048399] scsi target2:0:0: Beginning Domain Validation
[    5.061743] scsi target2:0:0: Domain Validation skipping write tests
[    5.073166] scsi target2:0:0: Ending Domain Validation
[    5.080939] scsi target2:0:0: asynchronous
[    5.092563] scsi 2:0:1:0: Direct-Access     VBOX     HARDDISK         1.0  PQ: 0 ANSI: 5
[    5.136963] scsi target2:0:1: Beginning Domain Validation
[    5.151484] scsi target2:0:1: Domain Validation skipping write tests
[    5.158887] scsi target2:0:1: Ending Domain Validation
[    5.164625] scsi target2:0:1: asynchronous
[    5.201314] sd 2:0:0:0: [sda] 83886080 512-byte logical blocks: (42.9 GB/40.0 GiB)
[    5.259905] sd 2:0:0:0: Attached scsi generic sg0 type 0
[    5.260684] sd 2:0:0:0: [sda] Write Protect is off
[    5.438293] sd 2:0:1:0: Attached scsi generic sg1 type 0
[    5.441166] sd 2:0:1:0: [sdb] 20480 512-byte logical blocks: (10.5 MB/10.0 MiB)
[    5.461373] sd 2:0:1:0: [sdb] Write Protect is off
[    5.461377] sd 2:0:0:0: [sda] Incomplete mode parameter data
[    5.477421] sd 2:0:1:0: [sdb] Incomplete mode parameter data
[    5.489060] sd 2:0:0:0: [sda] Assuming drive cache: write through
[    5.499488] sd 2:0:1:0: [sdb] Assuming drive cache: write through
[    5.526962]  sda: sda1
[    5.529795] sd 2:0:1:0: [sdb] Attached SCSI disk
[    5.541618] sd 2:0:0:0: [sda] Attached SCSI disk
Begin: Loading essential drivers ... [    9.852172] raid6: sse2x1   gen()  3791 MB/s
[    9.912674] raid6: sse2x1   xor()  2929 MB/s
[    9.985677] raid6: sse2x2   gen()  5516 MB/s
[   10.056717] raid6: sse2x2   xor()  2320 MB/s
[   10.108070] raid6: sse2x4   gen()  3697 MB/s
[   10.168939] raid6: sse2x4   xor()  1907 MB/s
[   10.224288] raid6: avx2x1   gen()  4281 MB/s
[   10.280501] raid6: avx2x1   xor()  3754 MB/s
[   10.336083] raid6: avx2x2   gen()  5437 MB/s
[   10.388100] raid6: avx2x2   xor()  3229 MB/s
[   10.440152] raid6: avx2x4   gen()  7544 MB/s
[   10.492070] raid6: avx2x4   xor()  8120 MB/s
[   10.497274] raid6: using algorithm avx2x4 gen() 7544 MB/s
[   10.503729] raid6: .... xor() 8120 MB/s, rmw enabled
[   10.509103] raid6: using avx2x2 recovery algorithm
[   10.516579] xor: automatically using best checksumming function   avx       
[   10.526212] async_tx: api initialized (async)
done.
Begin: Running /scripts/init-premount ... done.
Begin: Mounting root file system ... Begin: Running /scripts/local-top ... done.
Begin: Running /scripts/local-premount ... [   10.638270] Btrfs loaded, crc32c=crc32c-intel
Scanning for Btrfs filesystems
done.
Begin: Will now check root file system ... fsck from util-linux 2.31.1
[/sbin/fsck.ext4 (1) -- /dev/sda1] fsck.ext4 -a -C0 /dev/sda1 
cloudimg-rootfs: clean, 116169/5120000 files, 924054/10485499 blocks
done.
[   10.821129] EXT4-fs (sda1): mounted filesystem with ordered data mode. Opts: (null)
done.
Begin: Running /scripts/local-bottom ... done.
Begin: Running /scripts/init-bottom ... done.
[   11.488559] ip_tables: (C) 2000-2006 Netfilter Core Team
[   11.525386] systemd[1]: systemd 237 running in system mode. (+PAM +AUDIT +SELINUX +IMA +APPARMOR +SMACK +SYSVINIT +UTMP +LIBCRYPTSETUP +GCRYPT +GNUTLS +ACL +XZ +LZ4 +SECCOMP +BLKID +ELFUTILS +KMOD -IDN2 +IDN -PCRE2 default-hierarchy=hybrid)
[   11.552367] systemd[1]: Detected virtualization oracle.
[   11.560730] systemd[1]: Detected architecture x86-64.

Welcome to [1mUbuntu 18.04.6 LTS[0m!

[   11.603281] systemd[1]: Set hostname to <ubuntu-bionic>.
[   12.498717] systemd[1]: Reached target Mounting snaps.
[[0;32m  OK  [0m] Reached target Mounting snaps.
[   12.551867] systemd[1]: Reached target Swap.
[[0;32m  OK  [0m] Reached target Swap.
[   12.562672] systemd[1]: Set up automount Arbitrary Executable File Formats File System Automount Point.
[[0;32m  OK  [0m] Set up automount Arbitrary Executabâ€¦rmats File System Automount Point.
[   12.582282] systemd[1]: Reached target User and Group Name Lookups.
[[0;32m  OK  [0m] Reached target User and Group Name Lookups.
[   12.591811] systemd[1]: Reached target Mounted snaps.
[[0;32m  OK  [0m] Reached target Mounted snaps.
[   12.601081] systemd[1]: Started Forward Password Requests to Wall Directory Watch.
[[0;32m  OK  [0m] Started Forward Password Requests to Wall Directory Watch.
[[0;32m  OK  [0m] Created slice System Slice.
[[0;32m  OK  [0m] Listening on Journal Audit Socket.
[[0;32m  OK  [0m] Listening on Device-mapper event daemon FIFOs.
[[0;32m  OK  [0m] Listening on /dev/initctl Compatibility Named Pipe.
[[0;32m  OK  [0m] Listening on LVM2 poll daemon socket.
[[0;32m  OK  [0m] Listening on Journal Socket.
         Mounting Kernel Debug File System...
         Starting Load Kernel Modules...
         Mounting POSIX Message Queue File System...
         Starting Uncomplicated firewall...
         Starting Set the console keyboard layout...
[   12.716745] Loading iSCSI transport class v2.0-870.
         Mounting Huge Pages File System...
[[0;32m  OK  [0m] Reached target System Time Synchronized.
[[0;32m  OK  [0m] Listening on fsck to fsckd communication Socket.
[[0;32m  OK  [0m] Listening on Syslog Socket.
         Starting Create list of required stâ€¦ce nodes f[   12.782214] iscsi: registered transport (tcp)
or the current kernel...
[[0;32m  OK  [0m] Listening on udev Control Socket.
[[0;32m  OK  [0m] Created slice system-serial\x2dgetty.slice.
         Starting Remount Root and Kernel File Systems...
[[0;32m  OK  [0m] Listening on Network Service Netlink Socket.
[   12.939404] EXT4-fs (sda1): re-mounted. Opts: (null)
[[0;32m  OK  [0m] Listening on Journal Socket (/dev/log).
         Starting Journal Service...
[[0;32m  OK  [0m] Listening on udev Kernel Socket.
         Starting udev Coldplug all Devices...
[[0;32m  OK  [0m] Listening on LVM2 metadata daemon socket.
         Starting Monitoring of LVM2 mirrorsâ€¦ng dmeventd or progress polling...
[[0;32m  OK  [0m] Created slice User and Session Slice.
[[0;32m  OK  [0m] Reached target Slices.
[[0;32m  OK  [0m] Mounted Kernel Debug File System.
[[0;32m  OK  [0m] Mounted POSIX Message Queue File System.
[[0;32m  OK  [0m] Started Uncomplicated firewall.
[[0;32m  OK  [0m] Mounted Huge Pages File System.
[[0;32m  OK  [0m] Started Create list of required staâ€¦vice nodes for the current kernel.
[[0;32m  OK  [0m] Started Remount Root and Kernel File Systems.
[[   13.154694] iscsi: registered transport (iser)
[0;32m  OK  [0m] Started LVM2 metadata daemon.
         Starting Load/Save Random Seed...
         Starting Create Static Device Nodes in /dev...
[[0;32m  OK  [0m] Started Journal Service.
[[0;32m  OK  [0m] Started Load Kernel Modules.
[[0;32m  OK  [0m] Started Load/Save Random Seed.
         Starting Apply Kernel Variables...
         Mounting FUSE Control File System...
         Mounting Kernel Configuration File System...
         Starting Flush Journal to Persistent Storage...
[[0;32m  OK  [0m] Mounted FUSE Control File System.
[[0;32m  OK  [0m] Started Set the console keyboard layout.
[[0;32m  OK  [0m] Mounted Kernel Configuration File System.
[[0;32m  OK  [0m] Started Monitoring of LVM2 mirrors,â€¦sing dmeventd or progress polling.
[   13.418993] systemd-journald[443]: Received request to flush runtime journal from PID 1
[[0;32m  OK  [0m] Started udev Coldplug all Devices.
[[0;32m  OK  [0m] Started Create Static Device Nodes in /dev.
         Starting udev Kernel Device Manager...
[[0;32m  OK  [0m] Reached target Local File Systems (Pre).
[[0;32m  OK  [0m] Reached target Local File Systems.
         Starting AppArmor initialization...
         Starting ebtables ruleset management...
         Starting Tell Plymouth To Write Out Runtime Data...
         Starting Set console font and keymap...
[[0;32m  OK  [0m] Started udev Kernel Device Manager.
[[0;32m  OK  [0m] Started Dispatch Password Requests to Console Directory Watch.
[[0;32m  OK  [0m] Reached target Local Encrypted Volumes.
[[0;32m  OK  [0m] Started Apply Kernel Variables.
[[0;32m  OK  [0m] Started Tell Plymouth To Write Out Runtime Data.
[[0;32m  OK  [0m] Started Set console font and keymap.
[[0;32m  OK  [0m] Started Flush Journal to Persistent Storage.
         Starting Create Volatile Files and Directories...
[[0;32m  OK  [0m] Started ebtables ruleset management.
[[0;32m  OK  [0m] Started Create Volatile Files and Directories.
         Starting Update UTMP about System Boot/Shutdown...
[[0;32m  OK  [0m] Started Update UTMP about System Boot/Shutdown.
[[0;32m  OK  [0m] Started AppArmor initialization.
         Starting Initial cloud-init job (pre-networking)...
         Starting Load AppArmor profiles managed internally by snapd...
[[0;32m  OK  [0m] Found device /dev/ttyS0.
         Mounting Arbitrary Executable File Formats File System...
[[0;32m  OK  [0m] Mounted Arbitrary Executable File Formats File System.
[[0;32m  OK  [0m] Started Load AppArmor profiles managed internally by snapd.
[[0;32m  OK  [0m] Listening on Load/Save RF Kill Switch Status /dev/rfkill Watch.
[   18.359301] cloud-init[542]: Cloud-init v. 23.1.2-0ubuntu0~18.04.1 running 'init-local' at Mon, 01 Apr 2024 00:59:31 +0000. Up 17.74 seconds.
[[0;32m  OK  [0m] Started Initial cloud-init job (pre-networking).
[[0;32m  OK  [0m] Reached target Network (Pre).
         Starting Network Service...
[[0;32m  OK  [0m] Started Network Service.
         Starting Wait for Network to be Configured...
         Starting Network Name Resolution...
[[0;32m  OK  [0m] Started Network Name Resolution.
[[0;32m  OK  [0m] Reached target Host and Network Name Lookups.
[[0;32m  OK  [0m] Reached target Network.
[[0;32m  OK  [0m] Started Wait for Network to be Configured.
         Starting Initial cloud-init job (metadata service crawler)...
[   22.212321] cloud-init[686]: Cloud-init v. 23.1.2-0ubuntu0~18.04.1 running 'init' at Mon, 01 Apr 2024 00:59:35 +0000. Up 21.66 seconds.
[   22.231691] cloud-init[686]: ci-info: ++++++++++++++++++++++++++++++++++++++Net device info++++++++++++++++++++++++++++++++++++++
[   22.317849] cloud-init[686]: ci-info: +--------+------+----------------------------+---------------+--------+-------------------+
[   22.352953] cloud-init[686]: ci-info: | Device |  Up  |          Address           |      Mask     | Scope  |     Hw-Address    |
[   22.368996] cloud-init[686]: ci-info: +--------+------+----------------------------+---------------+--------+-------------------+
[   22.380188] cloud-init[686]: ci-info: | enp0s3 | True |         10.0.2.15          | 255.255.255.0 | global | 02:3b:7b:b7:3b:2d |
[   22.399725] cloud-init[686]: ci-info: | enp0s3 | True | fe80::3b:7bff:feb7:3b2d/64 |       .       |  link  | 02:3b:7b:b7:3b:2d |
[   22.409183] cloud-init[686]: ci-info: |   lo   | True |         127.0.0.1          |   255.0.0.0   |  host  |         .         |
[   22.415750] cloud-init[686]: ci-info: |   lo   | True |          ::1/128           |       .       |  host  |         .         |
[   22.435456] cloud-init[686]: ci-info: +--------+------+----------------------------+---------------+--------+-------------------+
[   22.456088] cloud-init[686]: ci-info: ++++++++++++++++++++++++++++Route IPv4 info+++++++++++++++++++++++++++++
[   22.466685] cloud-init[686]: ci-info: +-------+-------------+----------+-----------------+-----------+-------+
[   22.479928] cloud-init[686]: ci-info: | Route | Destination | Gateway  |     Genmask     | Interface | Flags |
[   22.488180] cloud-init[686]: ci-info: +-------+-------------+----------+-----------------+-----------+-------+
[   22.497286] cloud-init[686]: ci-info: |   0   |   0.0.0.0   | 10.0.2.2 |     0.0.0.0     |   enp0s3  |   UG  |
[   22.506470] cloud-init[686]: ci-info: |   1   |   10.0.2.0  | 0.0.0.0  |  255.255.255.0  |   enp0s3  |   U   |
[   22.513984] cloud-init[686]: ci-info: |   2   |   10.0.2.2  | 0.0.0.0  | 255.255.255.255 |   enp0s3  |   UH  |
[   22.521703] cloud-init[686]: ci-info: +-------+-------------+----------+-----------------+-----------+-------+
[   22.531489] cloud-init[686]: ci-info: +++++++++++++++++++Route IPv6 info+++++++++++++++++++
[   22.541404] cloud-init[686]: ci-info: +-------+-------------+---------+-----------+-------+
[   22.549554] cloud-init[686]: ci-info: | Route | Destination | Gateway | Interface | Flags |
[   22.553819] cloud-init[686]: ci-info: +-------+-------------+---------+-----------+-------+
[   22.558019] cloud-init[686]: ci-info: |   1   |  fe80::/64  |    ::   |   enp0s3  |   U   |
[   22.573115] cloud-init[686]: ci-info: |   3   |    local    |    ::   |   enp0s3  |   U   |
[   22.577722] cloud-init[686]: ci-info: |   4   |   ff00::/8  |    ::   |   enp0s3  |   U   |
[   22.597526] cloud-init[686]: ci-info: +-------+-------------+---------+-----------+-------+
[[0;32m  OK  [0m] Started Initial cloud-init job (metadata service crawler).
[[0;32m  OK  [0m] Reached target Cloud-config availability.
[[0;32m  OK  [0m] Reached target Network is Online.
         Starting Availability of block devices...
[[0;32m  OK  [0m] Reached target Remote File Systems (Pre).
         Mounting /vagrant...
[[0;32m  OK  [0m] Reached target System Initialization.
[[0;32m  OK  [0m] Listening on ACPID Listen Socket.
[[0;32m  OK  [0m] Started Discard unused blocks once a week.
[[0;32m  OK  [0m] Started Message of the Day.
[[0;32m  OK  [0m] Started Ubuntu Advantage Timer for running repeated jobs.
         Starting LXD - unix socket.
[[0;32m  OK  [0m] Listening on cloud-init hotplug hook socket.
         Starting Socket activation for snappy daemon.
[[0;32m  OK  [0m] Listening on D-Bus System Message Bus Socket.
[[0;32m  OK  [0m] Started Daily apt download activities.
[[0;32m  OK  [0m] Started Daily apt upgrade and clean activities.
[[0;32m  OK  [0m] Started ACPI Events Check.
[[0;32m  OK  [0m] Reached target Paths.
[[0;32m  OK  [0m] Started Daily Cleanup of Temporary Directories.
[[0;32m  OK  [0m] Reached target Timers.
[[0;32m  OK  [0m] Listening on Open-iSCSI iscsid Socket.
[[0;32m  OK  [0m] Listening on UUID daemon activation socket.
[[0;32m  OK  [0m] Started Availability of block devices.
[[0;32m  OK  [0m] Mounted /vagrant.
[[0;32m  OK  [0m] Listening on LXD - unix socket.
[[0;32m  OK  [0m] Listening on Socket activation for snappy daemon.
[[0;32m  OK  [0m] Reached target Sockets.
[[0;32m  OK  [0m] Reached target Basic System.
[[0;32m  OK  [0m] Started D-Bus System Message Bus.
[[0;32m  OK  [0m] Reached target Login Prompts (Pre).
         Starting LSB: Record successful boot for GRUB...
         Starting Login Service...
[[0;32m  OK  [0m] Started Regular background program processing daemon.
[[0;32m  OK  [0m] Started Deferred execution scheduler.
[[0;32m  OK  [0m] Started irqbalance daemon.
[[0;32m  OK  [0m] Started FUSE filesystem for LXC.
         Starting System Logging Service...
         Starting OpenBSD Secure Shell server...
         Starting Accounts Service...
         Starting Dispatcher daemon for systemd-networkd...
         Starting Virtualbox guest utils...
         Starting Snap Daemon...
         Starting LXD - container startup/shutdown...
[[0;32m  OK  [0m] Reached target Remote File Systems.
         Starting LSB: automatic crash report generation...
         Starting Permit User Sessions...
[[0;32m  OK  [0m] Started System Logging Service.
[[0;32m  OK  [0m] Started Login Service.
[[0;32m  OK  [0m] Started OpenBSD Secure Shell server.
[[0;32m  OK  [0m] Started Permit User Sessions.
         Starting Hold until boot process finishes up...
         Starting Terminate Plymouth Boot Screen...
         Starting Authorization Manager...
[[0;32m  OK  [0m] Started Unattended Upgrades Shutdown.
[[0;32m  OK  [0m] Started Hold until boot process finishes up.
[[0;32m  OK  [0m] Started Terminate Plymouth Boot Screen.
[[0;32m  OK  [0m] Started Serial Getty on ttyS0.
         Starting Set console scheme...
[[0;32m  OK  [0m] Started Set console scheme.
[[0;32m  OK  [0m] Started LSB: Record successful boot for GRUB.
[[0;32m  OK  [0m] Created slice system-getty.slice.
[[0;32m  OK  [0m] Started Getty on tty1.
[[0;32m  OK  [0m] Reached target Login Prompts.
[[0;32m  OK  [0m] Started LSB: automatic crash report generation.
[[0;32m  OK  [0m] Started Authorization Manager.
[[0;32m  OK  [0m] Started Accounts Service.
[[0;32m  OK  [0m] Started Virtualbox guest utils.
[[0;32m  OK  [0m] Started Dispatcher daemon for systemd-networkd.
[[0;32m  OK  [0m] Started LXD - container startup/shutdown.
[[0;32m  OK  [0m] Started Snap Daemon.
         Starting Wait until snapd is fully seeded...
         Starting Time & Date Service...
[[0;32m  OK  [0m] Started Time & Date Service.
[[0;32m  OK  [0m] Started Wait until snapd is fully seeded.
         Starting Apply the settings specified in cloud-config...
[[0;32m  OK  [0m] Created slice User Slice of vagrant.
         Starting User Manager for UID 1000...
[[0;32m  OK  [0m] Started Session 1 of user vagrant.
[[0;32m  OK  [0m] Started User Manager for UID 1000.
[   29.722004] cloud-init[1094]: Cloud-init v. 23.1.2-0ubuntu0~18.04.1 running 'modules:config' at Mon, 01 Apr 2024 00:59:42 +0000. Up 29.00 seconds.

Ubuntu 18.04.6 LTS ubuntu-bionic ttyS0

ubuntu-bionic login: [   32.074086] cloud-init[1210]: Cloud-init v. 23.1.2-0ubuntu0~18.04.1 running 'modules:final' at Mon, 01 Apr 2024 00:59:45 +0000. Up 31.62 seconds.
[   32.074714] cloud-init[1210]: Cloud-init v. 23.1.2-0ubuntu0~18.04.1 finished at Mon, 01 Apr 2024 00:59:45 +0000. Datasource DataSourceNoCloud [seed=/dev/sdb][dsmode=net].  Up 32.04 seconds
[[0;32m  OK  [0m] Stopped Unattended Upgrades Shutdown.
[[0;32m  OK  [0m] Stopped target Host and Network Name Lookups.
[[0;32m  OK  [0m] Stopped target Cloud-init target.
         Stopping Session 5 of user vagrant.
[[0;32m  OK  [0m] Stopped Execute cloud user/final scripts.
         Stopping Authorization Manager...
[[0;32m  OK  [0m] Stopped Apply the settings specified in cloud-config.
[[0;32m  OK  [0m] Stopped target Cloud-config availability.
         Stopping User Manager for UID 1000...
[[0;32m  OK  [0m] Closed Load/Save RF Kill Switch Status /dev/rfkill Watch.
[[0;32m  OK  [0m] Stopped target Graphical Interface.
         Stopping Accounts Service...
[[0;32m  OK  [0m] Stopped target Multi-User System.
         Stopping LXD - container startup/shutdown...
         Stopping FUSE filesystem for LXC...
         Stopping LSB: automatic crash report generation...
         Stopping Dispatcher daemon for systemd-networkd...
         Stopping irqbalance daemon...
[[0;32m  OK  [0m] Stopped target Login Prompts.
         Stopping Serial Getty on ttyS0...
         Stopping System Logging Service...
         Stopping D-Bus System Message Bus...
         Stopping Deferred execution scheduler...
         Stopping Regular background program processing daemon...
[[0;32m  OK  [0m] Stopped target Timers.
[[0;32m  OK  [0m] Stopped Daily apt upgrade and clean activities.
[[0;32m  OK  [0m] Stopped Discard unused blocks once a week.
[[0;32m  OK  [0m] Stopped Daily apt download activities.
[[0;32m  OK  [0m] Stopped Ubuntu Advantage Timer for running repeated jobs.
[[0;32m  OK  [0m] Stopped Daily Cleanup of Temporary Directories.
[[0;32m  OK  [0m] Stopped Message of the Day.
[[0;32m  OK  [0m] Stopped target System Time Synchronized.
         Stopping LSB: Record successful boot for GRUB...
         Stopping Getty on tty1...
         Stopping OpenBSD Secure Shell server...
[[0;32m  OK  [0m] Stopped Wait until snapd is fully seeded.
         Stopping Availability of block devices...
         Stopping Virtualbox guest utils...
[[0;32m  OK  [0m] Unmounted /var/lib/lxcfs.
[[0;32m  OK  [0m] Stopped Regular background program processing daemon.
[[0;32m  OK  [0m] Stopped Deferred execution scheduler.
[[0;32m  OK  [0m] Stopped irqbalance daemon.
[[0;32m  OK  [0m] Stopped System Logging Service.
[[0;32m  OK  [0m] Stopped Accounts Service.
[[0;32m  OK  [0m] Stopped Dispatcher daemon for systemd-networkd.
[[0;32m  OK  [0m] Stopped OpenBSD Secure Shell server.
[[0;32m  OK  [0m] Stopped Authorization Manager.
[[0;32m  OK  [0m] Stopped Serial Getty on ttyS0.
[[0;32m  OK  [0m] Stopped Getty on tty1.
[[0;32m  OK  [0m] Stopped User Manager for UID 1000.
[[0;32m  OK  [0m] Stopped D-Bus System Message Bus.
[[0;32m  OK  [0m] Stopped Availability of block devices.
[[0;32m  OK  [0m] Stopped FUSE filesystem for LXC.
[[0;32m  OK  [0m] Stopped Session 5 of user vagrant.
[[0;32m  OK  [0m] Stopped LXD - container startup/shutdown.
[[0;32m  OK  [0m] Removed slice User Slice of vagrant.
         Stopping Login Service...
[[0;32m  OK  [0m] Removed slice system-getty.slice.
[[0;32m  OK  [0m] Removed slice system-serial\x2dgetty.slice.
         Stopping Permit User Sessions...
[[0;32m  OK  [0m] Stopped target Login Prompts (Pre).
[[0;32m  OK  [0m] Stopped LSB: automatic crash report generation.
[[0;32m  OK  [0m] Stopped LSB: Record successful boot for GRUB.
[[0;32m  OK  [0m] Stopped Permit User Sessions.
[[0;32m  OK  [0m] Stopped Virtualbox guest utils.
[[0;32m  OK  [0m] Stopped target Remote File Systems.
         Unmounting /vagrant...
[[0;32m  OK  [0m] Stopped Login Service.
[[0;32m  OK  [0m] Unmounted /vagrant.
[[0;32m  OK  [0m] Stopped target Remote File Systems (Pre).
[[0;32m  OK  [0m] Stopped target Network is Online.
[[0;32m  OK  [0m] Stopped target Network.
         Stopping Network Name Resolution...
[[0;32m  OK  [0m] Stopped target Basic System.
[[0;32m  OK  [0m] Stopped target Sockets.
[[0;32m  OK  [0m] Closed cloud-init hotplug hook socket.
[[0;32m  OK  [0m] Closed Open-iSCSI iscsid Socket.
[[0;32m  OK  [0m] Closed ACPID Listen Socket.
[[0;32m  OK  [0m] Closed Socket activation for snappy daemon.
[[0;32m  OK  [0m] Closed LXD - unix socket.
[[0;32m  OK  [0m] Closed Syslog Socket.
[[0;32m  OK  [0m] Closed UUID daemon activation socket.
[[0;32m  OK  [0m] Stopped target Paths.
[[0;32m  OK  [0m] Stopped ACPI Events Check.
[[0;32m  OK  [0m] Stopped target Slices.
[[0;32m  OK  [0m] Removed slice User and Session Slice.
[[0;32m  OK  [0m] Stopped target User and Group Name Lookups.
[[0;32m  OK  [0m] Closed D-Bus System Message Bus Socket.
[[0;32m  OK  [0m] Stopped target System Initialization.
[[0;32m  OK  [0m] Stopped target Local Encrypted Volumes.
[[0;32m  OK  [0m] Stopped Forward Password Requests to Wall Directory Watch.
[[0;32m  OK  [0m] Stopped Dispatch Password Requests to Console Directory Watch.
         Stopping Update UTMP about System Boot/Shutdown...
[[0;32m  OK  [0m] Stopped Initial cloud-init job (metadata service crawler).
[[0;32m  OK  [0m] Stopped Wait for Network to be Configured.
         Stopping Load/Save Random Seed...
[[0;32m  OK  [0m] Stopped Network Name Resolution.
         Stopping Network Service...
[[0;32m  OK  [0m] Stopped Update UTMP about System Boot/Shutdown.
[[0;32m  OK  [0m] Stopped Load/Save Random Seed.
[[0;32m  OK  [0m] Stopped Create Volatile Files and Directories.
[[0;32m  OK  [0m] Stopped target Local File Systems.
         Unmounting /run/user/1000...
[[0;32m  OK  [0m] Stopped target Mounted snaps.
[[0;32m  OK  [0m] Stopped target Mounting snaps.
[[0;32m  OK  [0m] Stopped Network Service.
[[0;32m  OK  [0m] Stopped Apply Kernel Variables.
[[0;32m  OK  [0m] Stopped Load Kernel Modules.
[[0;32m  OK  [0m] Stopped target Network (Pre).
[[0;32m  OK  [0m] Stopped Initial cloud-init job (pre-networking).
[[0;32m  OK  [0m] Unmounted /run/user/1000.
[[0;32m  OK  [0m] Reached target Unmount All Filesystems.
[[0;32m  OK  [0m] Stopped target Local File Systems (Pre).
         Stopping Monitoring of LVM2 mirrorsâ€¦ng dmeventd or progress polling...
[[0;32m  OK  [0m] Stopped Create Static Device Nodes in /dev.
[[0;32m  OK  [0m] Stopped Remount Root and Kernel File Systems.
[[0;32m  OK  [0m] Stopped target Swap.
[[0;32m  OK  [0m] Reached target Shutdown.
[[0;32m  OK  [0m] Reached target Final Step.
         Starting Power-Off...
[[0;32m  OK  [0m] Stopped Monitoring of LVM2 mirrors,â€¦sing dmeventd or progress polling.
         Stopping LVM2 metadata daemon...
[[0;32m  OK  [0m] Stopped LVM2 metadata daemon.
[  392.211897] reboot: Power down
