[    0.000000] Linux version 4.15.0-212-generic (buildd@lcy02-amd64-083) (gcc version 7.5.0 (Ubuntu 7.5.0-3ubuntu1~18.04)) #223-Ubuntu SMP Tue May 23 13:09:22 UTC 2023 (Ubuntu 4.15.0-212.223-generic 4.15.18)
[    0.000000] Command line: BOOT_IMAGE=/boot/vmlinuz-4.15.0-212-generic root=LABEL=cloudimg-rootfs ro console=tty1 console=ttyS0
[    0.000000] KERNEL supported cpus:
[    0.000000]   Intel GenuineIntel
[    0.000000]   AMD AuthenticAMD
[    0.000000]   Centaur CentaurHauls
[    0.000000] x86/fpu: Supporting XSAVE feature 0x001: 'x87 floating point registers'
[    0.000000] x86/fpu: Supporting XSAVE feature 0x002: 'SSE registers'
[    0.000000] x86/fpu: Supporting XSAVE feature 0x004: 'AVX registers'
[    0.000000] x86/fpu: xstate_offset[2]:  576, xstate_sizes[2]:  256
[    0.000000] x86/fpu: Enabled xstate features 0x7, context size is 832 bytes, using 'standard' format.
[    0.000000] e820: BIOS-provided physical RAM map:
[    0.000000] BIOS-e820: [mem 0x0000000000000000-0x000000000009fbff] usable
[    0.000000] BIOS-e820: [mem 0x000000000009fc00-0x000000000009ffff] reserved
[    0.000000] BIOS-e820: [mem 0x00000000000f0000-0x00000000000fffff] reserved
[    0.000000] BIOS-e820: [mem 0x0000000000100000-0x000000007ffeffff] usable
[    0.000000] BIOS-e820: [mem 0x000000007fff0000-0x000000007fffffff] ACPI data
[    0.000000] BIOS-e820: [mem 0x00000000fec00000-0x00000000fec00fff] reserved
[    0.000000] BIOS-e820: [mem 0x00000000fee00000-0x00000000fee00fff] reserved
[    0.000000] BIOS-e820: [mem 0x00000000fffc0000-0x00000000ffffffff] reserved
[    0.000000] NX (Execute Disable) protection: active
[    0.000000] SMBIOS 2.5 present.
[    0.000000] DMI: innotek GmbH VirtualBox/VirtualBox, BIOS VirtualBox 12/01/2006
[    0.000000] Hypervisor detected: KVM
[    0.000000] e820: last_pfn = 0x7fff0 max_arch_pfn = 0x400000000
[    0.000000] MTRR: Disabled
[    0.000000] x86/PAT: MTRRs disabled, skipping PAT initialization too.
[    0.000000] CPU MTRRs all blank - virtualized system.
[    0.000000] x86/PAT: Configuration [0-7]: WB  WT  UC- UC  WB  WT  UC- UC  
[    0.000000] found SMP MP-table at [mem 0x0009fff0-0x0009ffff]
[    0.000000] Scanning 1 areas for low memory corruption
[    0.000000] RAMDISK: [mem 0x359cb000-0x36cdcfff]
[    0.000000] ACPI: Early table checksum verification disabled
[    0.000000] ACPI: RSDP 0x00000000000E0000 000024 (v02 VBOX  )
[    0.000000] ACPI: XSDT 0x000000007FFF0030 00003C (v01 VBOX   VBOXXSDT 00000001 ASL  00000061)
[    0.000000] ACPI: FACP 0x000000007FFF00F0 0000F4 (v04 VBOX   VBOXFACP 00000001 ASL  00000061)
[    0.000000] ACPI: DSDT 0x000000007FFF0610 002353 (v02 VBOX   VBOXBIOS 00000002 INTL 20200528)
[    0.000000] ACPI: FACS 0x000000007FFF0200 000040
[    0.000000] ACPI: FACS 0x000000007FFF0200 000040
[    0.000000] ACPI: APIC 0x000000007FFF0240 00005C (v02 VBOX   VBOXAPIC 00000001 ASL  00000061)
[    0.000000] ACPI: SSDT 0x000000007FFF02A0 00036C (v01 VBOX   VBOXCPUT 00000002 INTL 20200528)
[    0.000000] ACPI: Reserving FACP table memory at [mem 0x7fff00f0-0x7fff01e3]
[    0.000000] ACPI: Reserving DSDT table memory at [mem 0x7fff0610-0x7fff2962]
[    0.000000] ACPI: Reserving FACS table memory at [mem 0x7fff0200-0x7fff023f]
[    0.000000] ACPI: Reserving FACS table memory at [mem 0x7fff0200-0x7fff023f]
[    0.000000] ACPI: Reserving APIC table memory at [mem 0x7fff0240-0x7fff029b]
[    0.000000] ACPI: Reserving SSDT table memory at [mem 0x7fff02a0-0x7fff060b]
[    0.000000] No NUMA configuration found
[    0.000000] Faking a node at [mem 0x0000000000000000-0x000000007ffeffff]
[    0.000000] NODE_DATA(0) allocated [mem 0x7ffc5000-0x7ffeffff]
[    0.000000] kvm-clock: cpu 0, msr 0:7ff44001, primary cpu clock
[    0.000000] kvm-clock: Using msrs 4b564d01 and 4b564d00
[    0.000000] kvm-clock: using sched offset of 9601360769 cycles
[    0.000000] clocksource: kvm-clock: mask: 0xffffffffffffffff max_cycles: 0x1cd42e4dffb, max_idle_ns: 881590591483 ns
[    0.000000] Zone ranges:
[    0.000000]   DMA      [mem 0x0000000000001000-0x0000000000ffffff]
[    0.000000]   DMA32    [mem 0x0000000001000000-0x000000007ffeffff]
[    0.000000]   Normal   empty
[    0.000000]   Device   empty
[    0.000000] Movable zone start for each node
[    0.000000] Early memory node ranges
[    0.000000]   node   0: [mem 0x0000000000001000-0x000000000009efff]
[    0.000000]   node   0: [mem 0x0000000000100000-0x000000007ffeffff]
[    0.000000] Reserved but unavailable: 104 pages
[    0.000000] Initmem setup node 0 [mem 0x0000000000001000-0x000000007ffeffff]
[    0.000000] ACPI: PM-Timer IO Port: 0x4008
[    0.000000] IOAPIC[0]: apic_id 2, version 32, address 0xfec00000, GSI 0-23
[    0.000000] ACPI: INT_SRC_OVR (bus 0 bus_irq 0 global_irq 2 dfl dfl)
[    0.000000] ACPI: INT_SRC_OVR (bus 0 bus_irq 9 global_irq 9 low level)
[    0.000000] Using ACPI (MADT) for SMP configuration information
[    0.000000] smpboot: Allowing 2 CPUs, 0 hotplug CPUs
[    0.000000] PM: Registered nosave memory: [mem 0x00000000-0x00000fff]
[    0.000000] PM: Registered nosave memory: [mem 0x0009f000-0x0009ffff]
[    0.000000] PM: Registered nosave memory: [mem 0x000a0000-0x000effff]
[    0.000000] PM: Registered nosave memory: [mem 0x000f0000-0x000fffff]
[    0.000000] e820: [mem 0x80000000-0xfebfffff] available for PCI devices
[    0.000000] Booting paravirtualized kernel on KVM
[    0.000000] clocksource: refined-jiffies: mask: 0xffffffff max_cycles: 0xffffffff, max_idle_ns: 7645519600211568 ns
[    0.000000] setup_percpu: NR_CPUS:8192 nr_cpumask_bits:2 nr_cpu_ids:2 nr_node_ids:1
[    0.000000] percpu: Embedded 50 pages/cpu s167936 r8192 d28672 u1048576
[    0.000000] PV qspinlock hash table entries: 256 (order: 0, 4096 bytes)
[    0.000000] Built 1 zonelists, mobility grouping on.  Total pages: 515961
[    0.000000] Policy zone: DMA32
[    0.000000] Kernel command line: BOOT_IMAGE=/boot/vmlinuz-4.15.0-212-generic root=LABEL=cloudimg-rootfs ro console=tty1 console=ttyS0
[    0.000000] Memory: 2014836K/2096696K available (12300K kernel code, 2477K rwdata, 4324K rodata, 2480K init, 2720K bss, 81860K reserved, 0K cma-reserved)
[    0.000000] SLUB: HWalign=64, Order=0-3, MinObjects=0, CPUs=2, Nodes=1
[    0.000000] Kernel/User page tables isolation: enabled
[    0.000000] ftrace: allocating 39508 entries in 155 pages
[    0.004000] Hierarchical RCU implementation.
[    0.004000] 	RCU restricting CPUs from NR_CPUS=8192 to nr_cpu_ids=2.
[    0.004000] 	Tasks RCU enabled.
[    0.004000] RCU: Adjusting geometry for rcu_fanout_leaf=16, nr_cpu_ids=2
[    0.004000] NR_IRQS: 524544, nr_irqs: 440, preallocated irqs: 16
[    0.004000] random: crng init done
[    0.004000] Console: colour VGA+ 80x25
[    0.004000] console [tty1] enabled
[    0.004000] console [ttyS0] enabled
[    0.004000] ACPI: Core revision 20170831
[    0.004000] ACPI: 2 ACPI AML tables successfully acquired and loaded
[    0.004000] APIC: Switch to symmetric I/O mode setup
[    0.010324] x2apic enabled
[    0.012051] Switched APIC routing to physical x2apic.
[    0.020000] ..TIMER: vector=0x30 apic1=0 pin1=2 apic2=-1 pin2=-1
[    0.020010] tsc: Detected 2304.308 MHz processor
[    0.024880] Calibrating delay loop (skipped) preset value.. 4608.61 BogoMIPS (lpj=9217232)
[    0.028115] pid_max: default: 32768 minimum: 301
[    0.032423] Security Framework initialized
[    0.036196] Yama: becoming mindful.
[    0.040679] AppArmor: AppArmor initialized
[    0.084408] Dentry cache hash table entries: 262144 (order: 9, 2097152 bytes)
[    0.108317] Inode-cache hash table entries: 131072 (order: 8, 1048576 bytes)
[    0.116094] Mount-cache hash table entries: 4096 (order: 3, 32768 bytes)
[    0.120182] Mountpoint-cache hash table entries: 4096 (order: 3, 32768 bytes)
[    0.137094] Last level iTLB entries: 4KB 1024, 2MB 1024, 4MB 1024
[    0.140101] Last level dTLB entries: 4KB 1024, 2MB 1024, 4MB 1024, 1GB 4
[    0.144025] Spectre V1 : Mitigation: usercopy/swapgs barriers and __user pointer sanitization
[    0.148011] Spectre V2 : Mitigation: Retpolines
[    0.156007] Spectre V2 : Spectre v2 / SpectreRSB mitigation: Filling RSB on context switch
[    0.160014] Spectre V2 : Spectre v2 / SpectreRSB : Filling RSB on VMEXIT
[    0.164010] Speculative Store Bypass: Vulnerable
[    0.168093] MDS: Mitigation: Clear CPU buffers
[    0.172010] MMIO Stale Data: Unknown: No mitigations
[    0.180457] SRBDS: Unknown: Dependent on hypervisor status
[    0.185665] Freeing SMP alternatives memory: 36K
[    0.316180] APIC calibration not consistent with PM-Timer: 101ms instead of 100ms
[    0.320000] APIC delta adjusted to PM-Timer: 6276774 (6379899)
[    0.320599] smpboot: CPU0: Intel(R) Core(TM) i7-4650U CPU @ 1.70GHz (family: 0x6, model: 0x45, stepping: 0x1)
[    0.324719] Performance Events: unsupported p6 CPU model 69 no PMU driver, software events only.
[    0.328466] Hierarchical SRCU implementation.
[    0.336590] NMI watchdog: Perf event create on CPU 0 failed with -2
[    0.344011] NMI watchdog: Perf NMI watchdog permanently disabled
[    0.348889] smp: Bringing up secondary CPUs ...
[    0.352875] x86: Booting SMP configuration:
[    0.356011] .... node  #0, CPUs:      #1
[    0.004000] kvm-clock: cpu 1, msr 0:7ff44041, secondary cpu clock
[    0.408022] smp: Brought up 1 node, 2 CPUs
[    0.412016] smpboot: Max logical packages: 1
[    0.416017] smpboot: Total of 2 processors activated (9217.23 BogoMIPS)
[    0.441024] devtmpfs: initialized
[    0.444524] x86/mm: Memory block size: 128MB
[    0.449393] evm: security.selinux
[    0.452010] evm: security.SMACK64
[    0.456010] evm: security.SMACK64EXEC
[    0.460015] evm: security.SMACK64TRANSMUTE
[    0.464009] evm: security.SMACK64MMAP
[    0.468010] evm: security.apparmor
[    0.472008] evm: security.ima
[    0.476008] evm: security.capability
[    0.481048] clocksource: jiffies: mask: 0xffffffff max_cycles: 0xffffffff, max_idle_ns: 7645041785100000 ns
[    0.484034] futex hash table entries: 512 (order: 3, 32768 bytes)
[    0.488354] pinctrl core: initialized pinctrl subsystem
[    0.496347] RTC time: 23:18:44, date: 03/30/24
[    0.507885] NET: Registered protocol family 16
[    0.508499] audit: initializing netlink subsys (disabled)
[    0.512316] audit: type=2000 audit(1711840728.760:1): state=initialized audit_enabled=0 res=1
[    0.524062] cpuidle: using governor ladder
[    0.532044] cpuidle: using governor menu
[    0.536373] ACPI: bus type PCI registered
[    0.540457] acpiphp: ACPI Hot Plug PCI Controller Driver version: 0.5
[    0.545147] PCI: Using configuration type 1 for base access
[    0.572495] HugeTLB registered 2.00 MiB page size, pre-allocated 0 pages
[    0.601088] ACPI: Added _OSI(Module Device)
[    0.604000] ACPI: Added _OSI(Processor Device)
[    0.612013] ACPI: Added _OSI(3.0 _SCP Extensions)
[    0.612013] ACPI: Added _OSI(Processor Aggregator Device)
[    0.624017] ACPI: Added _OSI(Linux-Dell-Video)
[    0.624017] ACPI: Added _OSI(Linux-Lenovo-NV-HDMI-Audio)
[    0.680050] ACPI: Added _OSI(Linux-HPI-Hybrid-Graphics)
[    0.700509] ACPI: Executed 1 blocks of module-level executable AML code
[    0.761212] ACPI: Interpreter enabled
[    0.772104] ACPI: (supports S0 S5)
[    0.780011] ACPI: Using IOAPIC for interrupt routing
[    0.801184] PCI: Using host bridge windows from ACPI; if necessary, use "pci=nocrs" and report a bug
[    0.836503] ACPI: Enabled 2 GPEs in block 00 to 07
[    0.896000] ACPI: PCI Root Bridge [PCI0] (domain 0000 [bus 00-ff])
[    0.960169] acpi PNP0A03:00: _OSC: OS supports [ASPM ClockPM Segments MSI]
[    0.980742] acpi PNP0A03:00: _OSC: not requesting OS control; OS requires [ExtendedConfig ASPM ClockPM MSI]
[    1.016089] acpi PNP0A03:00: fail to add MMCONFIG information, can't access extended PCI configuration space under this bridge.
[    1.042223] PCI host bridge to bus 0000:00
[    1.076050] pci_bus 0000:00: root bus resource [io  0x0000-0x0cf7 window]
[    1.152021] pci_bus 0000:00: root bus resource [io  0x0d00-0xffff window]
[    1.152021] pci_bus 0000:00: root bus resource [mem 0x000a0000-0x000bffff window]
[    1.180013] pci_bus 0000:00: root bus resource [mem 0x80000000-0xfdffffff window]
[    1.220013] pci_bus 0000:00: root bus resource [bus 00-ff]
[    1.296010] pci 0000:00:01.1: legacy IDE quirk: reg 0x10: [io  0x01f0-0x01f7]
[    1.316015] pci 0000:00:01.1: legacy IDE quirk: reg 0x14: [io  0x03f6]
[    1.348115] pci 0000:00:01.1: legacy IDE quirk: reg 0x18: [io  0x0170-0x0177]
[    1.368016] pci 0000:00:01.1: legacy IDE quirk: reg 0x1c: [io  0x0376]
[    1.512029] pci 0000:00:07.0: quirk: [io  0x4000-0x403f] claimed by PIIX4 ACPI
[    1.536084] pci 0000:00:07.0: quirk: [io  0x4100-0x410f] claimed by PIIX4 SMB
[    1.620905] ACPI: PCI Interrupt Link [LNKA] (IRQs 5 9 10 *11)
[    1.640621] ACPI: PCI Interrupt Link [LNKB] (IRQs 5 9 *10 11)
[    1.660276] ACPI: PCI Interrupt Link [LNKC] (IRQs 5 *9 10 11)
[    1.676534] ACPI: PCI Interrupt Link [LNKD] (IRQs 5 9 10 *11)
[    1.697092] SCSI subsystem initialized
[    1.700250] pci 0000:00:02.0: vgaarb: setting as boot VGA device
[    1.704000] pci 0000:00:02.0: vgaarb: VGA device added: decodes=io+mem,owns=io+mem,locks=none
[    1.748028] pci 0000:00:02.0: vgaarb: bridge control possible
[    1.812017] vgaarb: loaded
[    1.840782] ACPI: bus type USB registered
[    1.897559] usbcore: registered new interface driver usbfs
[    1.904314] usbcore: registered new interface driver hub
[    1.908055] usbcore: registered new device driver usb
[    1.916474] EDAC MC: Ver: 3.0.0
[    1.928167] PCI: Using ACPI for IRQ routing
[    1.964740] NetLabel: Initializing
[    1.968012] NetLabel:  domain hash size = 128
[    1.972011] NetLabel:  protocols = UNLABELED CIPSOv4 CALIPSO
[    1.976074] NetLabel:  unlabeled traffic allowed by default
[    1.984339] clocksource: Switched to clocksource kvm-clock
[    2.333525] VFS: Disk quotas dquot_6.6.0
[    2.342104] VFS: Dquot-cache hash table entries: 512 (order 0, 4096 bytes)
[    2.353065] AppArmor: AppArmor Filesystem Enabled
[    2.370395] pnp: PnP ACPI init
[    2.402778] pnp: PnP ACPI: found 3 devices
[    2.550333] clocksource: acpi_pm: mask: 0xffffff max_cycles: 0xffffff, max_idle_ns: 2085701024 ns
[    2.569636] NET: Registered protocol family 2
[    2.576313] IP idents hash table entries: 32768 (order: 6, 262144 bytes)
[    2.585557] TCP established hash table entries: 16384 (order: 5, 131072 bytes)
[    2.597186] TCP bind hash table entries: 16384 (order: 6, 262144 bytes)
[    2.611115] TCP: Hash tables configured (established 16384 bind 16384)
[    2.622224] UDP hash table entries: 1024 (order: 3, 32768 bytes)
[    2.725607] UDP-Lite hash table entries: 1024 (order: 3, 32768 bytes)
[    2.805652] NET: Registered protocol family 1
[    2.837978] pci 0000:00:00.0: Limiting direct PCI/PCI transfers
[    2.885137] pci 0000:00:01.0: Activating ISA DMA hang workarounds
[    2.919347] pci 0000:00:02.0: Video device with shadowed ROM at [mem 0x000c0000-0x000dffff]
[    2.956967] Unpacking initramfs...
[    5.105067] Freeing initrd memory: 19528K
[    5.110636] clocksource: tsc: mask: 0xffffffffffffffff max_cycles: 0x21371aea0e9, max_idle_ns: 440795256056 ns
[    5.119852] platform rtc_cmos: registered platform RTC device (no PNP device found)
[    5.127386] Scanning for low memory corruption every 60 seconds
[    5.139128] Initialise system trusted keyrings
[    5.140553] Key type blacklist registered
[    5.147973] workingset: timestamp_bits=36 max_order=19 bucket_order=0
[    5.158490] zbud: loaded
[    5.164874] squashfs: version 4.0 (2009/01/31) Phillip Lougher
[    5.171964] fuse init (API version 7.26)
[    5.188955] Key type asymmetric registered
[    5.192941] Asymmetric key parser 'x509' registered
[    5.202324] Block layer SCSI generic (bsg) driver version 0.4 loaded (major 246)
[    5.210234] io scheduler noop registered
[    5.214031] io scheduler deadline registered
[    5.226769] io scheduler cfq registered (default)
[    5.234390] ACPI: AC Adapter [AC] (on-line)
[    5.239197] input: Power Button as /devices/LNXSYSTM:00/LNXPWRBN:00/input/input0
[    5.262253] ACPI: Power Button [PWRF]
[    5.268708] input: Sleep Button as /devices/LNXSYSTM:00/LNXSLPBN:00/input/input1
[    5.272378] ACPI: Sleep Button [SLPF]
[    5.282093] Serial: 8250/16550 driver, 32 ports, IRQ sharing enabled
[    5.285731] ACPI: Battery Slot [BAT0] (battery present)
[    5.337022] 00:02: ttyS0 at I/O 0x3f8 (irq = 4, base_baud = 115200) is a 16550A
[    5.352120] Linux agpgart interface v0.103
[    5.361712] loop: module loaded
[    5.368037] scsi host0: ata_piix
[    5.374126] scsi host1: ata_piix
[    5.382212] ata1: PATA max UDMA/33 cmd 0x1f0 ctl 0x3f6 bmdma 0xd000 irq 14
[    5.389236] ata2: PATA max UDMA/33 cmd 0x170 ctl 0x376 bmdma 0xd008 irq 15
[    5.393209] tun: Universal TUN/TAP device driver, 1.6
[    5.402636] PPP generic driver version 2.4.2
[    5.406634] ehci_hcd: USB 2.0 'Enhanced' Host Controller (EHCI) Driver
[    5.410348] ehci-pci: EHCI PCI platform driver
[    5.417232] ehci-platform: EHCI generic platform driver
[    5.424446] ohci_hcd: USB 1.1 'Open' Host Controller (OHCI) Driver
[    5.428341] ohci-pci: OHCI PCI platform driver
[    5.428341] ohci-platform: OHCI generic platform driver
[    5.439909] uhci_hcd: USB Universal Host Controller Interface driver
[    5.446916] i8042: PNP: PS/2 Controller [PNP0303:PS2K,PNP0f03:PS2M] at 0x60,0x64 irq 1,12
[    5.471351] serio: i8042 KBD port at 0x60,0x64 irq 1
[    5.478637] serio: i8042 AUX port at 0x60,0x64 irq 12
[    5.482132] mousedev: PS/2 mouse device common for all mice
[    5.499529] input: AT Translated Set 2 keyboard as /devices/platform/i8042/serio0/input/input2
[    5.502903] rtc_cmos rtc_cmos: rtc core: registered rtc_cmos as rtc0
[    5.527800] rtc_cmos rtc_cmos: alarms up to one day, 114 bytes nvram
[    5.534631] i2c /dev entries driver
[    5.819871] device-mapper: uevent: version 1.0.3
[    6.025757] device-mapper: ioctl: 4.37.0-ioctl (2017-09-20) initialised: dm-devel@redhat.com
[    6.140966] ledtrig-cpu: registered to indicate activity on CPUs
[    6.377681] NET: Registered protocol family 10
[    6.442412] Segment Routing with IPv6
[    6.460567] NET: Registered protocol family 17
[    6.468966] Key type dns_resolver registered
[    6.488277] mce: Using 0 MCE banks
[    6.595005] RAS: Correctable Errors collector initialized.
[    6.659122] sched_clock: Marking stable (6658706280, 0)->(16037272877, -9378566597)
[    6.851948] registered taskstats version 1
[    6.885427] Loading compiled-in X.509 certificates
[    6.902180] Loaded X.509 cert 'Build time autogenerated kernel key: b5b26778eaa3ab3a4a6cee031137706e947d12ad'
[    6.917681] Loaded X.509 cert 'Canonical Ltd. Live Patch Signing: 14df34d1a87cf37625abec039ef2bf521249b969'
[    7.020227] Loaded X.509 cert 'Canonical Ltd. Kernel Module Signing: 88f752e560a1e0737e31163a466ad7b70a850c19'
[    7.059642] blacklist: Loading compiled-in revocation X.509 certificates
[    7.076316] Loaded X.509 cert 'Canonical Ltd. Secure Boot Signing: 61482aa2830d0ab2ad5af10b7250da9033ddcef0'
[    7.094290] Loaded X.509 cert 'Canonical Ltd. Secure Boot Signing (2017): 242ade75ac4a15e50d50c84b0d45ff3eae707a03'
[    7.109724] Loaded X.509 cert 'Canonical Ltd. Secure Boot Signing (ESM 2018): 365188c1d374d6b07c3c8f240f8ef722433d6a8b'
[    7.144013] Loaded X.509 cert 'Canonical Ltd. Secure Boot Signing (2019): c0746fd6c5da3ae827864651ad66ae47fe24b3e8'
[    7.159401] Loaded X.509 cert 'Canonical Ltd. Secure Boot Signing (2021 v1): a8d54bbb3825cfb94fa13c9f8a594a195c107b8d'
[    7.172809] Loaded X.509 cert 'Canonical Ltd. Secure Boot Signing (2021 v2): 4cf046892d6fd3c9a5b03f98d845f90851dc6a8c'
[    7.184325] Loaded X.509 cert 'Canonical Ltd. Secure Boot Signing (2021 v3): 100437bb6de6e469b581e61cd66bce3ef4ed53af'
[    7.207610] Loaded X.509 cert 'Canonical Ltd. Secure Boot Signing (Ubuntu Core 2019): c1d57b8f6b743f23ee41f4f7ee292f06eecadfb9'
[    7.231868] zswap: loaded using pool lzo/zbud
[    7.248355] Key type big_key registered
[    7.253150] Key type trusted registered
[    7.265899] Key type encrypted registered
[    7.270948] AppArmor: AppArmor sha1 policy hashing enabled
[    7.279465] ima: No TPM chip found, activating TPM-bypass! (rc=-19)
[    7.286593] ima: Allocated hash algorithm: sha1
[    7.291685] evm: HMAC attrs: 0x1
[    7.301441]   Magic number: 0:948:353
[    7.311893] rtc_cmos rtc_cmos: setting system clock to 2024-03-30 23:18:52 UTC (1711840732)
[    7.329194] BIOS EDD facility v0.16 2004-Jun-25, 0 devices found
[    7.336680] EDD information not available.
[    7.351409] Freeing unused kernel image memory: 2480K
[    7.372559] Write protecting the kernel read-only data: 20480k
[    7.391677] Freeing unused kernel image memory: 2008K
[    7.401683] Freeing unused kernel image memory: 1820K
[    7.433747] x86/mm: Checked W+X mappings: passed, no W+X pages found.
[    7.452476] x86/mm: Checking user space page tables
[    7.469083] x86/mm: Checked W+X mappings: passed, no W+X pages found.
Loading, please wait...
starting version 237
[    7.708445] Fusion MPT base driver 3.04.20
[    7.717737] Copyright (c) 1999-2008 LSI Corporation
[    7.737719] e1000: Intel(R) PRO/1000 Network Driver - version 7.3.21-k8-NAPI
[    7.879161] e1000: Copyright (c) 1999-2006 Intel Corporation.
[    8.639603] Fusion MPT SPI Host driver 3.04.20
[    8.838434] mptbase: ioc0: Initiating bringup
[    9.025200] AVX2 version of gcm_enc/dec engaged.
[    9.048659] AES CTR mode by8 optimization enabled
[    9.056238] ioc0: LSI53C1030 A0: Capabilities={Initiator}
[    9.271258] input: ImExPS/2 Generic Explorer Mouse as /devices/platform/i8042/serio1/input/input4
[    9.592272] scsi host2: ioc0: LSI53C1030 A0, FwRev=00000000h, Ports=1, MaxQ=256, IRQ=20
[    9.777797] scsi 2:0:0:0: Direct-Access     VBOX     HARDDISK         1.0  PQ: 0 ANSI: 5
[    9.832559] scsi target2:0:0: Beginning Domain Validation
[    9.864568] scsi target2:0:0: Domain Validation skipping write tests
[    9.892804] scsi target2:0:0: Ending Domain Validation
[    9.993014] scsi target2:0:0: asynchronous
[   10.008592] scsi 2:0:1:0: Direct-Access     VBOX     HARDDISK         1.0  PQ: 0 ANSI: 5
[   10.418080] scsi target2:0:1: Beginning Domain Validation
[   10.746029] scsi target2:0:1: Domain Validation skipping write tests
[   10.782722] scsi target2:0:1: Ending Domain Validation
[   10.827702] scsi target2:0:1: asynchronous
[   11.470966] sd 2:0:0:0: [sda] 83886080 512-byte logical blocks: (42.9 GB/40.0 GiB)
[   11.515360] sd 2:0:0:0: Attached scsi generic sg0 type 0
[   11.568929] sd 2:0:0:0: [sda] Write Protect is off
[   11.594999] sd 2:0:0:0: [sda] Incomplete mode parameter data
[   11.727820] sd 2:0:0:0: [sda] Assuming drive cache: write through
[   11.753757] e1000 0000:00:03.0 eth0: (PCI:33MHz:32-bit) 02:3b:7b:b7:3b:2d
[   11.765597] sd 2:0:1:0: Attached scsi generic sg1 type 0
[   11.796131] e1000 0000:00:03.0 eth0: Intel(R) PRO/1000 Network Connection
[   11.802616] sd 2:0:1:0: [sdb] 20480 512-byte logical blocks: (10.5 MB/10.0 MiB)
[   11.834920] sd 2:0:1:0: [sdb] Write Protect is off
[   11.847704] sd 2:0:1:0: [sdb] Incomplete mode parameter data
[   11.865511] sd 2:0:1:0: [sdb] Assuming drive cache: write through
[   11.909318]  sda: sda1
[   11.922197] sd 2:0:0:0: [sda] Attached SCSI disk
[   12.034413] sd 2:0:1:0: [sdb] Attached SCSI disk
[   12.588725] e1000 0000:00:08.0 eth1: (PCI:33MHz:32-bit) 08:00:27:15:86:7e
[   12.608914] e1000 0000:00:08.0 eth1: Intel(R) PRO/1000 Network Connection
[   12.654176] e1000 0000:00:03.0 enp0s3: renamed from eth0
[   12.725353] e1000 0000:00:08.0 enp0s8: renamed from eth1
Begin: Loading essential drivers ... [   18.990808] raid6: sse2x1   gen()  4969 MB/s
[   19.050125] raid6: sse2x1   xor()  2142 MB/s
[   19.100512] raid6: sse2x2   gen()  5233 MB/s
[   19.160728] raid6: sse2x2   xor()  1310 MB/s
[   19.229284] raid6: sse2x4   gen()  2251 MB/s
[   19.280159] raid6: sse2x4   xor()  2775 MB/s
[   19.332175] raid6: avx2x1   gen()  3041 MB/s
[   19.380211] raid6: avx2x1   xor()  2282 MB/s
[   19.442013] raid6: avx2x2   gen() 11599 MB/s
[   19.594906] raid6: avx2x2   xor()  2955 MB/s
[   19.832740] raid6: avx2x4   gen()  4813 MB/s
[   20.053743] raid6: avx2x4   xor()  4925 MB/s
[   20.066464] raid6: using algorithm avx2x2 gen() 11599 MB/s
[   20.074546] raid6: .... xor() 2955 MB/s, rmw enabled
[   20.081386] raid6: using avx2x2 recovery algorithm
[   20.215691] xor: automatically using best checksumming function   avx       
[   20.311473] async_tx: api initialized (async)
done.
Begin: Running /scripts/init-premount ... done.
Begin: Mounting root file system ... Begin: Running /scripts/local-top ... done.
Begin: Running /scripts/local-premount ... [   20.741194] Btrfs loaded, crc32c=crc32c-intel
Scanning for Btrfs filesystems
done.
Warning: fsck not present, so skipping root file system
[   21.818213] EXT4-fs (sda1): mounted filesystem with ordered data mode. Opts: (null)
done.
Begin: Running /scripts/local-bottom ... done.
Begin: Running /scripts/init-bottom ... done.
[   29.926792] ip_tables: (C) 2000-2006 Netfilter Core Team
[   30.729222] systemd[1]: systemd 237 running in system mode. (+PAM +AUDIT +SELINUX +IMA +APPARMOR +SMACK +SYSVINIT +UTMP +LIBCRYPTSETUP +GCRYPT +GNUTLS +ACL +XZ +LZ4 +SECCOMP +BLKID +ELFUTILS +KMOD -IDN2 +IDN -PCRE2 default-hierarchy=hybrid)
[   31.504018] systemd[1]: Detected virtualization oracle.
[   31.522734] systemd[1]: Detected architecture x86-64.

Welcome to [1mUbuntu 18.04.6 LTS[0m!

[   32.308264] systemd[1]: Set hostname to <ubuntu>.
[   32.988794] systemd[1]: Initializing machine ID from random generator.
[   33.010767] systemd[1]: Installed transient /etc/machine-id file.
[   41.445657] systemd[1]: Reached target System Time Synchronized.
[[0;32m  OK  [0m] Reached target System Time Synchronized.
[   41.753929] systemd[1]: Reached target User and Group Name Lookups.
[[0;32m  OK  [0m] Reached target User and Group Name Lookups.
[   42.137680] systemd[1]: Reached target Mounting snaps.
[[0;32m  OK  [0m] Reached target Mounting snaps.
[   42.453026] systemd[1]: Set up automount Arbitrary Executable File Formats File System Automount Point.
[[0;32m  OK  [0m] Set up automount Arbitrary Executabâ€¦rmats File System Automount Point.
[   43.250293] systemd[1]: Created slice User and Session Slice.
[[0;32m  OK  [0m] Created slice User and Session Slice.
[   43.437741] systemd[1]: Started Forward Password Requests to Wall Directory Watch.
[[0;32m  OK  [0m] Started Forward Password Requests to Wall Directory Watch.
[   43.536360] systemd[1]: Reached target Swap.
[[0;32m  OK  [0m] Reached target Swap.
[   43.567860] systemd[1]: Created slice System Slice.
[[0;32m  OK  [0m] Created slice System Slice.
[   43.607146] systemd[1]: Reached target Slices.
[[0;32m  OK  [0m] Reached target Slices.
[   44.170043] systemd[1]: Created slice system-serial\x2dgetty.slice.
[[0;32m  OK  [0m] Created slice system-serial\x2dgetty.slice.
[[0;32m  OK  [0m] Listening on Network Service Netlink Socket.
[[0;32m  OK  [0m] Listening on udev Control Socket.
[[0;32m  OK  [0m] Listening on LVM2 poll daemon socket.
[[0;32m  OK  [0m] Listening on Journal Socket.
         Mounting Kernel Debug File System...
         Starting Uncomplicated firewall...
[[0;32m  OK  [0m] Listening on fsck to fsckd communication Socket.
[[0;32m  OK  [0m] Listening on Syslog Socket.
[[0;32m  OK  [0m] Listening on /dev/initctl Compatibility Named Pipe.
[[0;32m  OK  [0m] Listening on udev Kernel Socket.
         Starting udev Coldplug all Devices...
         Mounting POSIX Message Queue File System...
         Starting Set the console keyboard layout...
         Starting Create list of required stâ€¦ce nodes for the current kernel...
[[0;32m  OK  [0m] Listening on Journal Audit Socket.
[[0;32m  OK  [0m] Listening on LVM2 metadata daemon socket.
         Starting Load Kernel Modules...
         Starting File System Check on Root Device...
[[0;32m  OK  [0m] Listening on Device-mapper event daemon FIFOs.
         Starting Monitoring of LVM2 mirrorsâ€¦ng dmeventd or progress polling...
[[0;32m  OK  [0m] Reached target Mounted snaps.
[[0;32m  OK  [0m] Listening on Journal Socket (/dev/log).
         Starting Journal Service...
[   45.585712] Loading iSCSI transport class v2.0-870.
         Mounting Huge Pages File System...
[[0;32m  OK  [0m] Mounted Kernel Debug File System.
[[0;32m  OK  [0m] Started Uncomplicated firewall.
[[0;32m  OK  [0m] Mounted POSIX Message Queue File System.
[[0;32m  OK  [0m] Started Create list of required staâ€¦vice nodes for the current kernel.
[[0;32m  OK  [0m] Mounted Huge Pages File System.
[[0;32m  OK  [0m] Started File System Check Daemon to report status.
[[0;32m  OK  [0m] Started LVM2 metadata daemon.
[   46.317726] iscsi: registered transport (tcp)
         Starting Create Static Device Nodes in /dev...
[[0;32m  OK  [0m] Started File System Check on Root Device.
         Starting Remount Root and Kernel File Systems...
[   46.560863] systemd[1]: Started Create Static Device Nodes in /dev.
[[0;32m  OK  [0m] Started Create Static Device Nodes in /dev.
[   46.614418] systemd[1]: Started Journal Service.
[   46.636250] EXT4-fs (sda1): re-mounted. Opts: (null)
[[0;32m  OK  [0m] Started Journal Service.
[[0;32m  OK  [0m] Started Monitoring of LVM2 mirrors,â€¦sing dmeventd or progress polling.
[[0;32m  OK  [0m] Started Remount Root and Kernel File Systems.
         Starting udev Kernel Device Manager...
         Starting Flush Journal to Persistent Storage...
         Starting Load/Save Random Seed...
[[0;32m  OK  [0m] Started udev Coldplug all Devices.
[   47.157093] systemd-journald[422]: Received request to flush runtime journal from PID 1
[[0;32m  OK  [0m] Started Load/Save Random Seed.
[   47.488415] iscsi: registered transport (iser)
[[0;32m  OK  [0m] Started Load Kernel Modules.
         Mounting Kernel Configuration File System...
         Starting Apply Kernel Variables...
         Mounting FUSE Control File System...
[[0;32m  OK  [0m] Started Flush Journal to Persistent Storage.
[[0;32m  OK  [0m] Mounted Kernel Configuration File System.
[[0;32m  OK  [0m] Mounted FUSE Control File System.
[[0;32m  OK  [0m] Started Apply Kernel Variables.
[[0;32m  OK  [0m] Started udev Kernel Device Manager.
[[0;32m  OK  [0m] Found device /dev/ttyS0.
[[0;32m  OK  [0m] Listening on Load/Save RF Kill Switch Status /dev/rfkill Watch.
[[0;32m  OK  [0m] Started Set the console keyboard layout.
         Mounting Arbitrary Executable File Formats File System...
[[0;32m  OK  [0m] Reached target Local File Systems (Pre).
[[0;32m  OK  [0m] Reached target Local File Systems.
         Starting Set console font and keymap...
         Starting AppArmor initialization...
         Starting Tell Plymouth To Write Out Runtime Data...
         Starting ebtables ruleset management...
         Starting Create Volatile Files and Directories...
         Starting Commit a transient machine-id on disk...
[[0;32m  OK  [0m] Started Dispatch Password Requests to Console Directory Watch.
[[0;32m  OK  [0m] Reached target Local Encrypted Volumes.
[[0;32m  OK  [0m] Mounted Arbitrary Executable File Formats File System.
[[0;32m  OK  [0m] Started Tell Plymouth To Write Out Runtime Data.
[[0;32m  OK  [0m] Started Create Volatile Files and Directories.
         Starting Update UTMP about System Boot/Shutdown...
[[0;32m  OK  [0m] Started Commit a transient machine-id on disk.
[[0;32m  OK  [0m] Started Update UTMP about System Boot/Shutdown.
[[0;32m  OK  [0m] Started ebtables ruleset management.
[[0;32m  OK  [0m] Started AppArmor initialization.
         Starting Initial cloud-init job (pre-networking)...
         Starting Load AppArmor profiles managed internally by snapd...
[[0;32m  OK  [0m] Started Load AppArmor profiles managed internally by snapd.
[[0;32m  OK  [0m] Started Set console font and keymap.
[   96.346064] cloud-init[788]: Cloud-init v. 23.1.2-0ubuntu0~18.04.1 running 'init-local' at Sat, 30 Mar 2024 23:20:15 +0000. Up 90.27 seconds.
[[0;32m  OK  [0m] Started Initial cloud-init job (pre-networking).
[[0;32m  OK  [0m] Reached target Network (Pre).
         Starting Network Service...
[[0;32m  OK  [0m] Started Network Service.
         Starting Network Name Resolution...
         Starting Wait for Network to be Configured...
[[0;32m  OK  [0m] Started Network Name Resolution.
[[0;32m  OK  [0m] Reached target Network.
[[0;32m  OK  [0m] Reached target Host and Network Name Lookups.
[[0;32m  OK  [0m] Started Wait for Network to be Configured.
         Starting Initial cloud-init job (metadata service crawler)...
[  124.528535] cloud-init[929]: Cloud-init v. 23.1.2-0ubuntu0~18.04.1 running 'init' at Sat, 30 Mar 2024 23:20:47 +0000. Up 122.29 seconds.
[  125.378762] cloud-init[929]: ci-info: ++++++++++++++++++++++++++++++++++++++Net device info+++++++++++++++++++++++++++++++++++++++
[  125.814015] cloud-init[929]: ci-info: +--------+-------+----------------------------+---------------+--------+-------------------+
[  125.998521] cloud-init[929]: ci-info: | Device |   Up  |          Address           |      Mask     | Scope  |     Hw-Address    |
[  126.008839] cloud-init[929]: ci-info: +--------+-------+----------------------------+---------------+--------+-------------------+
[  126.266932] cloud-init[929]: ci-info: | enp0s3 |  True |         10.0.2.15          | 255.255.255.0 | global | 02:3b:7b:b7:3b:2d |
[  126.355559] cloud-init[929]: ci-info: | enp0s3 |  True | fe80::3b:7bff:feb7:3b2d/64 |       .       |  link  | 02:3b:7b:b7:3b:2d |
[  126.569104] cloud-init[929]: ci-info: | enp0s8 | False |             .              |       .       |   .    | 08:00:27:15:86:7e |
[  126.916846] cloud-init[929]: ci-info: |   lo   |  True |         127.0.0.1          |   255.0.0.0   |  host  |         .         |
[  127.085443] cloud-init[929]: ci-info: |   lo   |  True |          ::1/128           |       .       |  host  |         .         |
[  127.597277] cloud-init[929]: ci-info: +--------+-------+----------------------------+---------------+--------+-------------------+
[  127.695750] cloud-init[929]: ci-info: ++++++++++++++++++++++++++++Route IPv4 info+++++++++++++++++++++++++++++
[  128.229064] cloud-init[929]: ci-info: +-------+-------------+----------+-----------------+-----------+-------+
[  128.539538] cloud-init[929]: ci-info: | Route | Destination | Gateway  |     Genmask     | Interface | Flags |
[  128.703587] cloud-init[929]: ci-info: +-------+-------------+----------+-----------------+-----------+-------+
[  128.722396] cloud-init[929]: ci-info: |   0   |   0.0.0.0   | 10.0.2.2 |     0.0.0.0     |   enp0s3  |   UG  |
[  128.800825] cloud-init[929]: ci-info: |   1   |   10.0.2.0  | 0.0.0.0  |  255.255.255.0  |   enp0s3  |   U   |
[  128.993898] cloud-init[929]: ci-info: |   2   |   10.0.2.2  | 0.0.0.0  | 255.255.255.255 |   enp0s3  |   UH  |
[  129.136138] cloud-init[929]: ci-info: +-------+-------------+----------+-----------------+-----------+-------+
[  129.208423] cloud-init[929]: ci-info: +++++++++++++++++++Route IPv6 info+++++++++++++++++++
[  129.334228] cloud-init[929]: ci-info: +-------+-------------+---------+-----------+-------+
[  129.956706] cloud-init[929]: ci-info: | Route | Destination | Gateway | Interface | Flags |
[  130.827131] cloud-init[929]: ci-info: +-------+-------------+---------+-----------+-------+
[  131.023671] cloud-init[929]: ci-info: |   1   |  fe80::/64  |    ::   |   enp0s3  |   U   |
[  131.185482] cloud-init[929]: ci-info: |   3   |    local    |    ::   |   enp0s3  |   U   |
[  131.336038] cloud-init[929]: ci-info: |   4   |   ff00::/8  |    ::   |   enp0s3  |   U   |
[  131.446709] cloud-init[929]: ci-info: +-------+-------------+---------+-----------+-------+
[  154.285688] cloud-init[929]: Generating public/private rsa key pair.
[  154.575760] cloud-init[929]: Your identification has been saved in /etc/ssh/ssh_host_rsa_key.
[  155.179197] cloud-init[929]: Your public key has been saved in /etc/ssh/ssh_host_rsa_key.pub.
[  155.250143] cloud-init[929]: The key fingerprint is:
[  155.254626] cloud-init[929]: SHA256:eRWMzKa+thQ5p6erpVvmRZqVOf75zBay8XO1zbC5WL4 root@ubuntu-bionic
[  155.302579] cloud-init[929]: The key's randomart image is:
[  155.447379] cloud-init[929]: +---[RSA 2048]----+
[  155.538552] cloud-init[929]: |         o o.    |
[[0;32m  OK  [0m] Started Initial cloud-init job (metadata service crawler).
[  155.641680] cloud-init[929]: |          = ..   |
[  156.271010] cloud-init[929]: |         o  .    |
[  156.371018] cloud-init[929]: |        .o +     |
[  156.500484] cloud-init[929]: |       .S O      |
[[0;32m  OK  [0m] Reached target Network is Online.
[  156.602555] cloud-init[929]: |        .% .o o .|[[0;32m  OK  [0m] Reached target Remote File Systems (Pre).
[[0;32m  OK  [0m] Reached target Remote File Systems.
         Starting Availability of block devices...
[[0;32m  OK  [0m] Reached target System Initialization.
[[0;32m  OK  [0m] Started Daily Cleanup of Temporary Directories.

[[0;32m  OK  [0m] Listening on Open-iSCSI iscsid Socket.
[[0;32m  OK  [0m] Listening on UUID daemon activation socket.
         Starting Socket activation for snappy daemon.
         Starting LXD - unix socket.
[[0;32m  OK  [0m] Listening on cloud-init hotplug hook socket.
[[0;32m  OK  [0m] Listening on ACPID Listen Socket.
[[0;32m  OK  [0m[  158.068643] cloud-init[929]: |        O.+  =.*+|
] Listening on D-Bus System Message Bus Socket.
[[0;32m  OK  [0m] Started Daily apt download activities.
[[0;32m  OK  [0m] Started Daily apt upgrade and clean activities.
[  158.749028] cloud-init[929]: |       Bo+ ..B*.+|
[  159.358646] cloud-init[929]: |      ++=o  +oE= |
[[0;32m  OK  [0m] Started Discard unused blocks once a week.
[  159.629452] cloud-init[929]: +----[SHA256]-----+
[  159.756512] cloud-init[929]: Generating public/private dsa key pair.
[[0;32m  OK  [0m] Started ACPI Events Check.
[  159.843728] cloud-init[929]: Your identification has been saved in /etc/ssh/ssh_host_dsa_key.[[0;32m  OK  [0m] Reached target Paths.

[  160.509270] cloud-init[[0;32m  OK  [0m] Started Message of the Day.
[[0;32m  OK  [0m] Started Ubuntu Advantage Timer for running repeated jobs.
[[0;32m  OK  [0m] Reached target Timers.
[[0;32m  OK  [0m] Reached target Cloud-config availability.
[929]: Your public key has been saved in /etc/ssh/ssh_host_dsa_key.pub.
[[0;32m  OK  [0m] Started Availability of block devices.
[  161.189490] cloud-init[929]: [[0;32m  OK  [0m] Listening on Socket activation for snappy daemon.
[[0;32m  OK  [0m] Listening on LXD - unix socket.
[[0;32m  OK  [0m] Reached target Sockets.
[[0;32m  OK  [0m] Reached target Basic System.
[The key fingerprint is:[0;32m  OK  [0m] Started Regular background program processing daemon.
         Starting System Logging Service...
         Starting Permit User Sessions...

[  162.216321]          Starting LSB: automatic crash report generation...
         Starting LXD - container startup/shutdown...
cloud-init[929]: SHA256:GC0wn07qxox/hv/RS0ilSuQii8IwGfJTfBE2OHcyvus root@ubuntu-bionic
[[0;32m  OK  [0m] Started irqbalance daemon.
         Starting LSB: Record successful boot for GRUB...
[[0;32m  OK  [0m] Started Deferred execution scheduler.
[  163.003414] cloud-init[929]: The key's randomart image is:
[  163.227999] cloud-init[929]: +---[DSA 1024]----+
[  163.804271] cloud-init[929]: |    o.=.         |
         Starting Accounts Service...
[  164.182512] cloud-init[929]: |   .o=+=.        |
[  164.411167] cloud-init[929]: |o   o+O+. .      |
[  164.424901] cloud-init[[0;32m  OK  [0m] Started FUSE filesystem for LXC.
[929]: |.+ . B.+ o       |
[  164.475750] cloud-init[929]: |+ + o =.S        |         Starting Login Service...

         Starting Virtualbox guest utils...
[  164.647514] cloud-init[[0;32m  OK  [0m] Reached target Login Prompts (Pre).
[929]: |oo O o.o o       |
[[0;32m  OK  [0m] Started D-Bus System Message Bus.
[  166.495717] cloud-init[929]: |o.o =...o o      |
[  167.316992] cloud-init[929]: |.  o. +  o .     |
[  167.324456] cloud-init[929]: |    .=E.. .      |
[  167.518993] cloud-init[929]: +----[SHA256]-----+
[  167.524276] cloud-init[929]: Generating public/private ecdsa key pair.
[  167.609186] cloud-init[929]: Your identification has been saved in /etc/ssh/ssh_host_ecdsa_key.
[  167.629588] cloud-init[929]: Your public key has been saved in /etc/ssh/ssh_host_ecdsa_key.pub.
[  167.708100] cloud-init[929]: The key fingerprint is:
[  167.726355] cloud-init[929]: SHA256:uPhjUEo4rmnidFkmhS54FOFb0Vj8N7oQ3yAkuqu+izc root@ubuntu-bionic
[  168.016488] cloud-init[929]: The key's randomart image is:
[  168.045840] cloud-init[929]: +---[ECDSA 256]---+
[  168.079772] cloud-init[929]: |  o..=.          |
[  168.131534] cloud-init[929]: | . .+.+          |
[  168.179464] cloud-init[929]: |  o+.+ .         |
[  168.309096] cloud-init[929]: |..=oo +.o o      |
[  168.331027] cloud-init[929]: |.oo* =.+S= .     |
         Starting Pollinate to seed the pseudo random number generator...
[  168.917608] cloud-init[929]: | .+ B...o .      |
[  169.165788]          cloud-init[929]: | + +.... .       |
[  169.522314] cloud-init[929]: |*.E  .o .        |
Starting Dispatcher daemon for systemd-networkd...
         Starting Snap Daemon...
[  170.293449] cloud-init[929]: [[0;32m  OK  [0m] Started System Logging Service.
|BBo. ...         |
[  170.942292] cloud-init[929]: +----[SHA256]-----+
[  171.105608] cloud-init[[0;32m  OK  [0m] Started Permit User Sessions.
[[0;32m  OK  [0m] Started Login Service.
[929]: Generating public/private ed25519 key pair.
[  171.297948] cloud-init[929]: Your identification has been saved in /etc/ssh/ssh_host_ed25519_key.
[  171.504366]          Starting Authorization Manager...
[[0;32m  OK  [0m] Started Unattended Upgrades Shutdown.
         Starting Terminate Plymouth Boot Screen...
cloud-init         Starting Hold until boot process finishes up...
[929]: Your public key has been saved in /etc/ssh/ssh_host_ed25519_key.pub.[
[0;32m  OK  [0m] Started LSB: automatic crash report generation.
[[0;32m  OK  [0m] Started Terminate Plymouth Boot Screen.
[[0;32m  OK  [0m] Started Hold until boot process finishes up.
[[0;32m  OK  [0m] Started Serial Getty on ttyS0.
         Starting Set console scheme...
[[0;32m  OK  [0m] Started Set console scheme.
[[0;32m  OK  [0m] Created slice system-getty.slice.
[  176.640625] cloud-init[929]: The key fingerprint is:
[  177.292591] [[0;32m  OK  [0m] Started Getty on tty1.
[[0;32m  OK  [0m] Reached target Login Prompts.
[[0;32m  OK  [0m] Started LSB: Record successful boot for GRUB.
cloud-init[929]: SHA256:YsVboNyTmkPRIOevc/5Wm0qoboyZuvk41BGsRw8kji4 root@ubuntu-bionic
[  178.000604] cloud-init[929]: The key's randomart image is:
[  178.990202] cloud-init[929]: +--[ED25519 256]--+
[  179.109721] cloud-init[929]: |  .oo +o.        |
[  179.153777] cloud-init[929]: | o .== =.o       |
[  179.246950] cloud-init[929]: |. .o += * .      |
[  179.564601] cloud-init[929]: |. . o..= +       |
[  179.721539] cloud-init[929]: |E. o .* S        |
[  180.446181] cloud-init[929]: |. . .. + .  .    |
[  180.726636] cloud-init[929]: | .   =o o .. o   |
[  180.915321] cloud-init[929]: |  .o+ o= .. o    |
[  180.959641] cloud-init[929]: |  ==.oo .oo.     |
[  181.019392] cloud-init[929]: +----[SHA256]-----+

Ubuntu 18.04.6 LTS ubuntu-bionic ttyS0

ubuntu-bionic login: [  215.205641] cloud-init[1513]: Cloud-init v. 23.1.2-0ubuntu0~18.04.1 running 'modules:config' at Sat, 30 Mar 2024 23:22:16 +0000. Up 211.40 seconds.
ci-info: no authorized SSH keys fingerprints found for user ubuntu.
<14>Mar 30 23:22:25 cloud-init: #############################################################
<14>Mar 30 23:22:25 cloud-init: -----BEGIN SSH HOST KEY FINGERPRINTS-----
<14>Mar 30 23:22:25 cloud-init: 1024 SHA256:GC0wn07qxox/hv/RS0ilSuQii8IwGfJTfBE2OHcyvus root@ubuntu-bionic (DSA)
<14>Mar 30 23:22:25 cloud-init: 256 SHA256:uPhjUEo4rmnidFkmhS54FOFb0Vj8N7oQ3yAkuqu+izc root@ubuntu-bionic (ECDSA)
<14>Mar 30 23:22:25 cloud-init: 256 SHA256:YsVboNyTmkPRIOevc/5Wm0qoboyZuvk41BGsRw8kji4 root@ubuntu-bionic (ED25519)
<14>Mar 30 23:22:25 cloud-init: 2048 SHA256:eRWMzKa+thQ5p6erpVvmRZqVOf75zBay8XO1zbC5WL4 root@ubuntu-bionic (RSA)
<14>Mar 30 23:22:25 cloud-init: -----END SSH HOST KEY FINGERPRINTS-----
<14>Mar 30 23:22:25 cloud-init: #############################################################
-----BEGIN SSH HOST KEY KEYS-----
ecdsa-sha2-nistp256 AAAAE2VjZHNhLXNoYTItbmlzdHAyNTYAAAAIbmlzdHAyNTYAAABBBMhws9iguo8p+lTjyE6SUB23uEjvAoft5aisf8p2p6r1waqWG2ohNLtgQZmi4msd/oUrve8kH7cts+u673Wyxlg= root@ubuntu-bionic
ssh-ed25519 AAAAC3NzaC1lZDI1NTE5AAAAIMvKHcVmZUQypDul0phzpmaHnuWwIP25sYShqXXJpo9q root@ubuntu-bionic
ssh-rsa AAAAB3NzaC1yc2EAAAADAQABAAABAQC1PksNwzELQL/yu38MSQBvCtYVyxGA+dimhREf8ZsiM6JBaZt/cFjHznRRBmIGUF4OAJYXSQ6+BQ4XbnMhjYM6+PQPT9RvpQb4pGKuz2NgMHF5xoHXYb9buElWQqyRHNiwyO4QX4OtaAGRY3O7ASZzuIUqD7MLeY+yIcb1BCJ/Wc6P9xiRSU577s+gDz9FikrJgSH9cVw+SuWj952V3tAdssvrOR8GZwWUCmcWwhiIqnK7a0sFk9meYZNtuCu4UrLDFBEK0CNIjRT8QgPDkryD3+VhxmDOq+QT7EjuzsMREjBuInSIWkLf2kNRK+eLYRgDDH5JO0kPOxv5Q3gTg8Y9 root@ubuntu-bionic
-----END SSH HOST KEY KEYS-----
[  220.752648] cloud-init[1618]: Cloud-init v. 23.1.2-0ubuntu0~18.04.1 running 'modules:final' at Sat, 30 Mar 2024 23:22:24 +0000. Up 218.88 seconds.
[  220.778202] cloud-init[1618]: Cloud-init v. 23.1.2-0ubuntu0~18.04.1 finished at Sat, 30 Mar 2024 23:22:25 +0000. Datasource DataSourceNoCloud [seed=/dev/sdb][dsmode=net].  Up 220.61 seconds
